 libnp

 Timestamp is 69fdfe51 (Fri May 08 10:16:33 2026)

 Preferred load address is 10000000

 Start         Length     Name                   Class
 0001:00000000 000a25afH .text                   CODE
 0001:000a25b0 00008f65H .text$x                 CODE
 0001:000ab520 00003022H .text$yc                CODE
 0001:000ae550 00001a03H .text$yd                CODE
 0002:00000000 00000104H .CRT$XCA                DATA
 0002:00000104 00000104H .CRT$XCC                DATA
 0002:00000208 0000022aH .CRT$XCU                DATA
 0002:00000434 00000104H .CRT$XCZ                DATA
 0002:00000538 00000104H .CRT$XIA                DATA
 0002:0000063c 00000113H .CRT$XIC                DATA
 0002:00000750 00000104H .CRT$XIZ                DATA
 0002:00000854 00000104H .CRT$XPA                DATA
 0002:00000958 00000109H .CRT$XPX                DATA
 0002:00000a64 00000104H .CRT$XPXA               DATA
 0002:00000b68 00000104H .CRT$XPZ                DATA
 0002:00000c6c 00000104H .CRT$XTA                DATA
 0002:00000d70 00000104H .CRT$XTZ                DATA
 0002:00000e80 00013d86H .rdata                  DATA
 0002:00014c08 000001b1H .rdata$debug            DATA
 0002:00014dbc 0000443bH .rdata$r                DATA
 0002:00019200 00000af9H .rdata$sxdata           DATA
 0002:00019cfc 00000104H .rtc$IAA                DATA
 0002:00019e00 00000104H .rtc$IMZ                DATA
 0002:00019f04 00000104H .rtc$IZZ                DATA
 0002:0001a008 00000104H .rtc$TAA                DATA
 0002:0001a10c 00000104H .rtc$TMZ                DATA
 0002:0001a210 00000104H .rtc$TZZ                DATA
 0002:0001a318 000081baH .xdata$x                DATA
 0002:000224e0 000006f4H .edata                  DATA
 0003:00000000 000040beH .data                   DATA
 0003:000040c0 0139e6c0H .bss                    DATA
 0004:00000000 00000028H .idata$2                DATA
 0004:00000028 00000014H .idata$3                DATA
 0004:0000003c 0000025cH .idata$4                DATA
 0004:00000298 0000025cH .idata$5                DATA
 0004:000004f4 000008cfH .idata$6                DATA
 0005:00000000 00000169H .rsrc$01                DATA
 0005:00000170 000002ccH .rsrc$02                DATA

  Address         Publics by Value              Rva+Base       Lib:Object

 0000:00000000       __except_list              00000000     <absolute>
 0000:00000214       ___safe_se_handler_count   00000214     <absolute>
 0000:00000000       ___ImageBase               10000000     <linker-defined>
 0001:000076a0       ??$_Allocate@D@std@@YAPADIPAD@Z 100086a0 f i API.obj
 0001:00007700       ??$addressof@D@std@@YAPADAAD@Z 10008700 f i API.obj
 0001:00007720       ??$construct@PADAAPAD@?$_Wrap_alloc@V?$allocator@D@std@@@std@@QAEXPAPADAAPAD@Z 10008720 f i API.obj
 0001:00007760       ??$construct@PADAAPAD@?$allocator@D@std@@QAEXPAPADAAPAD@Z 10008760 f i API.obj
 0001:00007810       ??$construct@PADAAPAD@?$allocator_traits@V?$allocator@D@std@@@std@@SAXAAV?$allocator@D@1@PAPADAAPAD@Z 10008810 f i API.obj
 0001:00007850       ??$destroy@PAD@?$_Wrap_alloc@V?$allocator@D@std@@@std@@QAEXPAPAD@Z 10008850 f i API.obj
 0001:00007880       ??$destroy@PAD@?$allocator@D@std@@QAEXPAPAD@Z 10008880 f i API.obj
 0001:000078a0       ??$destroy@PAD@?$allocator_traits@V?$allocator@D@std@@@std@@SAXAAV?$allocator@D@1@PAPAD@Z 100088a0 f i API.obj
 0001:000078d0       ??$forward@AAPAD@std@@YAAAPADAAPAD@Z 100088d0 f i API.obj
 0001:000078f0       ??0?$_String_alloc@$0A@U?$_String_base_types@DV?$allocator@D@std@@@std@@@std@@QAE@ABV?$allocator@D@1@@Z 100088f0 f i API.obj
 0001:00007920       ??0?$_String_val@U?$_Simple_types@D@std@@@std@@QAE@XZ 10008920 f i API.obj
 0001:00007960       ??0?$_Wrap_alloc@V?$allocator@D@std@@@std@@QAE@XZ 10008960 f i API.obj
 0001:00007990       ??0?$allocator@D@std@@QAE@XZ 10008990 f i API.obj
 0001:000079b0       ??0?$basic_string@DU?$char_traits@D@std@@V?$allocator@D@2@@std@@QAE@PBD@Z 100089b0 f i API.obj
 0001:00007a10       ??0_Generic_error_category@std@@QAE@XZ 10008a10 f i API.obj
 0001:00007a40       ??0_Iostream_error_category@std@@QAE@XZ 10008a40 f i API.obj
 0001:00007a70       ??0_System_error_category@std@@QAE@XZ 10008a70 f i API.obj
 0001:00007aa0       ??0error_category@std@@QAE@XZ 10008aa0 f i API.obj
 0001:00007ad0       ??0error_condition@std@@QAE@HABVerror_category@1@@Z 10008ad0 f i API.obj
 0001:00007b10       ??0id@locale@std@@QAE@I@Z  10008b10 f i API.obj
 0001:00007b40       ??1_Generic_error_category@std@@UAE@XZ 10008b40 f i API.obj
 0001:00007b70       ??1_Iostream_error_category@std@@UAE@XZ 10008b70 f i API.obj
 0001:00007ba0       ??1_System_error_category@std@@UAE@XZ 10008ba0 f i API.obj
 0001:00007bd0       ??1error_category@std@@UAE@XZ 10008bd0 f i API.obj
 0001:00007c00       ??2@YAPAXIPAX@Z            10008c00 f i API.obj
 0001:00007c20       ??3@YAXPAX0@Z              10008c20 f i API.obj
 0001:00007c40       ??8error_category@std@@QBE_NABV01@@Z 10008c40 f i API.obj
 0001:00007c80       ??8error_condition@std@@QBE_NABV01@@Z 10008c80 f i API.obj
 0001:00007d00       ??_G_Generic_error_category@std@@UAEPAXI@Z 10008d00 f i API.obj
 0001:00007d00       ??_E_Generic_error_category@std@@UAEPAXI@Z 10008d00 f i API.obj
 0001:00007d50       ??_G_Iostream_error_category@std@@UAEPAXI@Z 10008d50 f i API.obj
 0001:00007d50       ??_E_Iostream_error_category@std@@UAEPAXI@Z 10008d50 f i API.obj
 0001:00007da0       ??_E_System_error_category@std@@UAEPAXI@Z 10008da0 f i API.obj
 0001:00007da0       ??_G_System_error_category@std@@UAEPAXI@Z 10008da0 f i API.obj
 0001:00007df0       ??_Gerror_category@std@@UAEPAXI@Z 10008df0 f i API.obj
 0001:00007df0       ??_Eerror_category@std@@UAEPAXI@Z 10008df0 f i API.obj
 0001:00007e40       ?_Copy@?$basic_string@DU?$char_traits@D@std@@V?$allocator@D@2@@std@@QAEXII@Z 10008e40 f i API.obj
 0001:00008070       ?_Eos@?$basic_string@DU?$char_traits@D@std@@V?$allocator@D@2@@std@@QAEXI@Z 10009070 f i API.obj
 0001:000080c0       ?_Getal@?$_String_alloc@$0A@U?$_String_base_types@DV?$allocator@D@std@@@std@@@std@@QBE?AU?$_Wrap_alloc@V?$allocator@D@std@@@2@XZ 100090c0 f i API.obj
 0001:000080f0       ?_Grow@?$basic_string@DU?$char_traits@D@std@@V?$allocator@D@2@@std@@QAE_NI_N@Z 100090f0 f i API.obj
 0001:000081d0       ?_Inside@?$basic_string@DU?$char_traits@D@std@@V?$allocator@D@2@@std@@QAE_NPBD@Z 100091d0 f i API.obj
 0001:00008230       ?_Myptr@?$_String_val@U?$_Simple_types@D@std@@@std@@QAEPADXZ 10009230 f i API.obj
 0001:00008280       ?_Myptr@?$_String_val@U?$_Simple_types@D@std@@@std@@QBEPBDXZ 10009280 f i API.obj
 0001:000082d0       ?_Tidy@?$basic_string@DU?$char_traits@D@std@@V?$allocator@D@2@@std@@QAEX_NI@Z 100092d0 f i API.obj
 0001:000083a0       ?_Xlen@?$basic_string@DU?$char_traits@D@std@@V?$allocator@D@2@@std@@QBEXXZ 100093a0 f i API.obj
 0001:000083d0       ?_Xran@?$basic_string@DU?$char_traits@D@std@@V?$allocator@D@2@@std@@QBEXXZ 100093d0 f i API.obj
 0001:00008400       ?allocate@?$_Wrap_alloc@V?$allocator@D@std@@@std@@QAEPADI@Z 10009400 f i API.obj
 0001:00008430       ?allocate@?$allocator@D@std@@QAEPADI@Z 10009430 f i API.obj
 0001:00008460       ?assign@?$basic_string@DU?$char_traits@D@std@@V?$allocator@D@2@@std@@QAEAAV12@ABV12@II@Z 10009460 f i API.obj
 0001:00008540       ?assign@?$basic_string@DU?$char_traits@D@std@@V?$allocator@D@2@@std@@QAEAAV12@PBD@Z 10009540 f i API.obj
 0001:00008580       ?assign@?$basic_string@DU?$char_traits@D@std@@V?$allocator@D@2@@std@@QAEAAV12@PBDI@Z 10009580 f i API.obj
 0001:00008630       ?assign@?$char_traits@D@std@@SAXAADABD@Z 10009630 f i API.obj
 0001:00008650       ?category@error_code@std@@QBEABVerror_category@2@XZ 10009650 f i API.obj
 0001:00008670       ?category@error_condition@std@@QBEABVerror_category@2@XZ 10009670 f i API.obj
 0001:00008690       ?copy@?$char_traits@D@std@@SAPADPADPBDI@Z 10009690 f i API.obj
 0001:000086e0       ?deallocate@?$_Wrap_alloc@V?$allocator@D@std@@@std@@QAEXPADI@Z 100096e0 f i API.obj
 0001:00008710       ?deallocate@?$allocator@D@std@@QAEXPADI@Z 10009710 f i API.obj
 0001:00008740       ?default_error_condition@_System_error_category@std@@UBE?AVerror_condition@2@H@Z 10009740 f i API.obj
 0001:000087b0       ?default_error_condition@error_category@std@@UBE?AVerror_condition@2@H@Z 100097b0 f i API.obj
 0001:000087f0       ?equivalent@error_category@std@@UBE_NABVerror_code@2@H@Z 100097f0 f i API.obj
 0001:00008850       ?equivalent@error_category@std@@UBE_NHABVerror_condition@2@@Z 10009850 f i API.obj
 0001:000088a0       ?erase@?$basic_string@DU?$char_traits@D@std@@V?$allocator@D@2@@std@@QAEAAV12@I@Z 100098a0 f i API.obj
 0001:000088f0       ?erase@?$basic_string@DU?$char_traits@D@std@@V?$allocator@D@2@@std@@QAEAAV12@II@Z 100098f0 f i API.obj
 0001:000089a0       ?generic_category@std@@YAABVerror_category@1@XZ 100099a0 f i API.obj
 0001:000089c0       ?length@?$char_traits@D@std@@SAIPBD@Z 100099c0 f i API.obj
 0001:00008a10       ?max_size@?$_Wrap_alloc@V?$allocator@D@std@@@std@@QBEIXZ 10009a10 f i API.obj
 0001:00008a40       ?max_size@?$allocator@D@std@@QBEIXZ 10009a40 f i API.obj
 0001:00008a60       ?max_size@?$allocator_traits@V?$allocator@D@std@@@std@@SAIABV?$allocator@D@2@@Z 10009a60 f i API.obj
 0001:00008a80       ?max_size@?$basic_string@DU?$char_traits@D@std@@V?$allocator@D@2@@std@@QBEIXZ 10009a80 f i API.obj
 0001:00008ae0       ?message@_Generic_error_category@std@@UBE?AV?$basic_string@DU?$char_traits@D@std@@V?$allocator@D@2@@2@H@Z 10009ae0 f i API.obj
 0001:00008b50       ?message@_Iostream_error_category@std@@UBE?AV?$basic_string@DU?$char_traits@D@std@@V?$allocator@D@2@@2@H@Z 10009b50 f i API.obj
 0001:00008bd0       ?message@_System_error_category@std@@UBE?AV?$basic_string@DU?$char_traits@D@std@@V?$allocator@D@2@@2@H@Z 10009bd0 f i API.obj
 0001:00008c40       ?move@?$char_traits@D@std@@SAPADPADPBDI@Z 10009c40 f i API.obj
 0001:00008c90       ?name@_Generic_error_category@std@@UBEPBDXZ 10009c90 f i API.obj
 0001:00008cb0       ?name@_Iostream_error_category@std@@UBEPBDXZ 10009cb0 f i API.obj
 0001:00008cd0       ?name@_System_error_category@std@@UBEPBDXZ 10009cd0 f i API.obj
 0001:00008cf0       ?size@?$basic_string@DU?$char_traits@D@std@@V?$allocator@D@2@@std@@QBEIXZ 10009cf0 f i API.obj
 0001:00008d10       ?system_category@std@@YAABVerror_category@1@XZ 10009d10 f i API.obj
 0001:00008d30       ?value@error_code@std@@QBEHXZ 10009d30 f i API.obj
 0001:00008d50       ?value@error_condition@std@@QBEHXZ 10009d50 f i API.obj
 0001:00008d70       _DllMain@12                10009d70 f   API.obj
 0001:00008e40       _NP_Init                   10009e40 f   API.obj
 0001:00008e80       _NP_RunFrame               10009e80 f   API.obj
 0001:00008ea0       _NP_Shutdown               10009ea0 f   API.obj
 0001:00008ec0       ?CI_GetFunctionPointers@@YAXPAPAPAXPAH@Z 10009ec0 f   CI.obj
 0001:00008ef0       ?CI_SendStatus@@YAXPBD@Z   10009ef0 f   CI.obj
 0001:00008fc0       ??$forward@V?$basic_string@DU?$char_traits@D@std@@V?$allocator@D@2@@std@@@std@@YA$$QAV?$basic_string@DU?$char_traits@D@std@@V?$allocator@D@2@@0@AAV10@@Z 10009fc0 f i CI.obj
 0001:00008fe0       ??0?$NPRPCBuffer@VStorageSendRandomStringMessage@@@@QAE@XZ 10009fe0 f i CI.obj
 0001:00009020       ??0?$basic_string@DU?$char_traits@D@std@@V?$allocator@D@2@@std@@QAE@$$QAV01@@Z 1000a020 f i CI.obj
 0001:00009090       ??0?$basic_string@DU?$char_traits@D@std@@V?$allocator@D@2@@std@@QAE@XZ 1000a090 f i CI.obj
 0001:000090d0       ??0INPRPCMessage@@QAE@XZ   1000a0d0 f i CI.obj
 0001:00009100       ??0IRPCBuffer@@QAE@XZ      1000a100 f i CI.obj
 0001:00009130       ??0RPCStorageSendRandomStringMessage@@QAE@XZ 1000a130 f i CI.obj
 0001:00009180       ??1?$basic_string@DU?$char_traits@D@std@@V?$allocator@D@2@@std@@QAE@XZ 1000a180 f i CI.obj
 0001:000091b0       ?CI_Dummy@@YAXPAV?$NPAsync@VNPGetPublisherFileResult@@@@@Z 1000a1b0 f   CI.obj
 0001:000091d0       ?CI_InitDLL@@YAXXZ         1000a1d0 f   CI.obj
 0001:00009220       ?CI_Initialize@@YAXD@Z     1000a220 f   CI.obj
 0001:000093b0       ?CI_InitializeGameDLL@@YAXPBD@Z 1000a3b0 f   CI.obj
 0001:00009440       ?CI_ObtainedRT@@YAXPAV?$NPAsync@VNPGetPublisherFileResult@@@@@Z 1000a440 f   CI.obj
 0001:000097d0       ?CI_Shutdown@@YAXXZ        1000a7d0 f   CI.obj
 0001:000097f0       ?Deserialize@?$NPRPCBuffer@VStorageSendRandomStringMessage@@@@UAEXPBEI@Z 1000a7f0 f i CI.obj
 0001:00009830       ?Serialize@?$NPRPCBuffer@VStorageSendRandomStringMessage@@@@UAE?AV?$basic_string@DU?$char_traits@D@std@@V?$allocator@D@2@@std@@XZ 1000a830 f i CI.obj
 0001:000098f0       ?_Assign_rv@?$basic_string@DU?$char_traits@D@std@@V?$allocator@D@2@@std@@QAEX$$QAV12@@Z 1000a8f0 f i CI.obj
 0001:000099a0       ?set_has_randomstring@StorageSendRandomStringMessage@@AAEXXZ 1000a9a0 f i CI.obj
 0001:000099f0       ?set_randomstring@StorageSendRandomStringMessage@@QAEXPBD@Z 1000a9f0 f i CI.obj
 0001:0000a030       _MemoryFreeLibrary         1000b030 f   MemoryModule.obj
 0001:0000a150       _MemoryGetProcAddress      1000b150 f   MemoryModule.obj
 0001:0000a290       _MemoryLoadLibrary         1000b290 f   MemoryModule.obj
 0001:0000a4e0       _PEmemrandom               1000b4e0 f   MemoryModule.obj
 0001:0000a560       _PErandomstr               1000b560 f   MemoryModule.obj
 0001:0000a6f0       ?Create@RPCAuthenticateValidateTicketResultMessage@@SAPAV1@XZ 1000b6f0 f   MessageDefinition.obj
 0001:0000a790       ?Create@RPCServersCreateSessionResultMessage@@SAPAV1@XZ 1000b790 f   MessageDefinition.obj
 0001:0000a830       ?Create@RPCAuthenticateRegisterServerMessage@@SAPAV1@XZ 1000b830 f   MessageDefinition.obj
 0001:0000a8d0       ?Create@RPCServersGetSessionsMessage@@SAPAV1@XZ 1000b8d0 f   MessageDefinition.obj
 0001:0000a970       ?Create@RPCAuthenticateRegisterServerResultMessage@@SAPAV1@XZ 1000b970 f   MessageDefinition.obj
 0001:0000aa10       ?Create@RPCServersGetSessionsResultMessage@@SAPAV1@XZ 1000ba10 f   MessageDefinition.obj
 0001:0000aab0       ?Create@RPCStorageGetPublisherFileMessage@@SAPAV1@XZ 1000bab0 f   MessageDefinition.obj
 0001:0000ab50       ?Create@RPCServersUpdateSessionMessage@@SAPAV1@XZ 1000bb50 f   MessageDefinition.obj
 0001:0000abf0       ?Create@RPCStoragePublisherFileMessage@@SAPAV1@XZ 1000bbf0 f   MessageDefinition.obj
 0001:0000ac90       ?Create@RPCServersUpdateSessionResultMessage@@SAPAV1@XZ 1000bc90 f   MessageDefinition.obj
 0001:0000ad30       ?Create@RPCStorageGetUserFileMessage@@SAPAV1@XZ 1000bd30 f   MessageDefinition.obj
 0001:0000add0       ?Create@RPCServersDeleteSessionMessage@@SAPAV1@XZ 1000bdd0 f   MessageDefinition.obj
 0001:0000ae70       ?Create@RPCStorageUserFileMessage@@SAPAV1@XZ 1000be70 f   MessageDefinition.obj
 0001:0000af10       ?Create@RPCServersDeleteSessionResultMessage@@SAPAV1@XZ 1000bf10 f   MessageDefinition.obj
 0001:0000afb0       ?Create@RPCStorageWriteUserFileMessage@@SAPAV1@XZ 1000bfb0 f   MessageDefinition.obj
 0001:0000b050       ?Create@RPCCloseAppMessage@@SAPAV1@XZ 1000c050 f   MessageDefinition.obj
 0001:0000b0f0       ?Create@RPCStorageWriteUserFileResultMessage@@SAPAV1@XZ 1000c0f0 f   MessageDefinition.obj
 0001:0000b190       ?Create@RPCMessagingSendDataMessage@@SAPAV1@XZ 1000c190 f   MessageDefinition.obj
 0001:0000b230       ?Create@RPCStorageSendRandomStringMessage@@SAPAV1@XZ 1000c230 f   MessageDefinition.obj
 0001:0000b2d0       ?Create@RPCHelloMessage@@SAPAV1@XZ 1000c2d0 f   MessageDefinition.obj
 0001:0000b370       ?Create@RPCFriendsSetSteamIDMessage@@SAPAV1@XZ 1000c370 f   MessageDefinition.obj
 0001:0000b410       ?Create@RPCAuthenticateWithKeyMessage@@SAPAV1@XZ 1000c410 f   MessageDefinition.obj
 0001:0000b4b0       ?Create@RPCFriendsGetProfileDataMessage@@SAPAV1@XZ 1000c4b0 f   MessageDefinition.obj
 0001:0000b550       ?Create@RPCAuthenticateWithDetailsMessage@@SAPAV1@XZ 1000c550 f   MessageDefinition.obj
 0001:0000b5f0       ?Create@RPCFriendsGetProfileDataResultMessage@@SAPAV1@XZ 1000c5f0 f   MessageDefinition.obj
 0001:0000b690       ?Create@RPCAuthenticateWithTokenMessage@@SAPAV1@XZ 1000c690 f   MessageDefinition.obj
 0001:0000b730       ?Create@RPCFriendsRosterMessage@@SAPAV1@XZ 1000c730 f   MessageDefinition.obj
 0001:0000b7d0       ?Create@RPCAuthenticateValidateTicketMessage@@SAPAV1@XZ 1000c7d0 f   MessageDefinition.obj
 0001:0000b870       ?Create@RPCFriendsPresenceMessage@@SAPAV1@XZ 1000c870 f   MessageDefinition.obj
 0001:0000b910       ?Create@RPCAuthenticateKickUserMessage@@SAPAV1@XZ 1000c910 f   MessageDefinition.obj
 0001:0000b9b0       ?Create@RPCFriendsSetPresenceMessage@@SAPAV1@XZ 1000c9b0 f   MessageDefinition.obj
 0001:0000ba50       ?Create@RPCAuthenticateExternalStatusMessage@@SAPAV1@XZ 1000ca50 f   MessageDefinition.obj
 0001:0000baf0       ?Create@RPCFriendsGetUserAvatarMessage@@SAPAV1@XZ 1000caf0 f   MessageDefinition.obj
 0001:0000bb90       ?Create@RPCAuthenticateResultMessage@@SAPAV1@XZ 1000cb90 f   MessageDefinition.obj
 0001:0000bc30       ?Create@RPCFriendsGetUserAvatarResultMessage@@SAPAV1@XZ 1000cc30 f   MessageDefinition.obj
 0001:0000bcd0       ?Create@RPCAuthenticateUserGroupMessage@@SAPAV1@XZ 1000ccd0 f   MessageDefinition.obj
 0001:0000bd70       ?Create@RPCServersCreateSessionMessage@@SAPAV1@XZ 1000cd70 f   MessageDefinition.obj
 0001:0000be10       ??0?$NPRPCBuffer@VAuthenticateExternalStatusMessage@@@@QAE@XZ 1000ce10 f i MessageDefinition.obj
 0001:0000be50       ??0?$NPRPCBuffer@VAuthenticateKickUserMessage@@@@QAE@XZ 1000ce50 f i MessageDefinition.obj
 0001:0000be90       ??0?$NPRPCBuffer@VAuthenticateRegisterServerMessage@@@@QAE@XZ 1000ce90 f i MessageDefinition.obj
 0001:0000bed0       ??0?$NPRPCBuffer@VAuthenticateRegisterServerResultMessage@@@@QAE@XZ 1000ced0 f i MessageDefinition.obj
 0001:0000bf10       ??0?$NPRPCBuffer@VAuthenticateResultMessage@@@@QAE@XZ 1000cf10 f i MessageDefinition.obj
 0001:0000bf50       ??0?$NPRPCBuffer@VAuthenticateUserGroupMessage@@@@QAE@XZ 1000cf50 f i MessageDefinition.obj
 0001:0000bf90       ??0?$NPRPCBuffer@VAuthenticateValidateTicketMessage@@@@QAE@XZ 1000cf90 f i MessageDefinition.obj
 0001:0000bfd0       ??0?$NPRPCBuffer@VAuthenticateValidateTicketResultMessage@@@@QAE@XZ 1000cfd0 f i MessageDefinition.obj
 0001:0000c010       ??0?$NPRPCBuffer@VAuthenticateWithDetailsMessage@@@@QAE@XZ 1000d010 f i MessageDefinition.obj
 0001:0000c050       ??0?$NPRPCBuffer@VAuthenticateWithKeyMessage@@@@QAE@XZ 1000d050 f i MessageDefinition.obj
 0001:0000c090       ??0?$NPRPCBuffer@VAuthenticateWithTokenMessage@@@@QAE@XZ 1000d090 f i MessageDefinition.obj
 0001:0000c0d0       ??0?$NPRPCBuffer@VCloseAppMessage@@@@QAE@XZ 1000d0d0 f i MessageDefinition.obj
 0001:0000c110       ??0?$NPRPCBuffer@VFriendsGetProfileDataMessage@@@@QAE@XZ 1000d110 f i MessageDefinition.obj
 0001:0000c150       ??0?$NPRPCBuffer@VFriendsGetProfileDataResultMessage@@@@QAE@XZ 1000d150 f i MessageDefinition.obj
 0001:0000c190       ??0?$NPRPCBuffer@VFriendsGetUserAvatarMessage@@@@QAE@XZ 1000d190 f i MessageDefinition.obj
 0001:0000c1d0       ??0?$NPRPCBuffer@VFriendsGetUserAvatarResultMessage@@@@QAE@XZ 1000d1d0 f i MessageDefinition.obj
 0001:0000c210       ??0?$NPRPCBuffer@VFriendsPresenceMessage@@@@QAE@XZ 1000d210 f i MessageDefinition.obj
 0001:0000c250       ??0?$NPRPCBuffer@VFriendsRosterMessage@@@@QAE@XZ 1000d250 f i MessageDefinition.obj
 0001:0000c290       ??0?$NPRPCBuffer@VFriendsSetPresenceMessage@@@@QAE@XZ 1000d290 f i MessageDefinition.obj
 0001:0000c2d0       ??0?$NPRPCBuffer@VFriendsSetSteamIDMessage@@@@QAE@XZ 1000d2d0 f i MessageDefinition.obj
 0001:0000c310       ??0?$NPRPCBuffer@VHelloMessage@@@@QAE@XZ 1000d310 f i MessageDefinition.obj
 0001:0000c350       ??0?$NPRPCBuffer@VMessagingSendDataMessage@@@@QAE@XZ 1000d350 f i MessageDefinition.obj
 0001:0000c390       ??0?$NPRPCBuffer@VServersCreateSessionMessage@@@@QAE@XZ 1000d390 f i MessageDefinition.obj
 0001:0000c3d0       ??0?$NPRPCBuffer@VServersCreateSessionResultMessage@@@@QAE@XZ 1000d3d0 f i MessageDefinition.obj
 0001:0000c410       ??0?$NPRPCBuffer@VServersDeleteSessionMessage@@@@QAE@XZ 1000d410 f i MessageDefinition.obj
 0001:0000c450       ??0?$NPRPCBuffer@VServersDeleteSessionResultMessage@@@@QAE@XZ 1000d450 f i MessageDefinition.obj
 0001:0000c490       ??0?$NPRPCBuffer@VServersGetSessionsMessage@@@@QAE@XZ 1000d490 f i MessageDefinition.obj
 0001:0000c4d0       ??0?$NPRPCBuffer@VServersGetSessionsResultMessage@@@@QAE@XZ 1000d4d0 f i MessageDefinition.obj
 0001:0000c510       ??0?$NPRPCBuffer@VServersUpdateSessionMessage@@@@QAE@XZ 1000d510 f i MessageDefinition.obj
 0001:0000c550       ??0?$NPRPCBuffer@VServersUpdateSessionResultMessage@@@@QAE@XZ 1000d550 f i MessageDefinition.obj
 0001:0000c590       ??0?$NPRPCBuffer@VStorageGetPublisherFileMessage@@@@QAE@XZ 1000d590 f i MessageDefinition.obj
 0001:0000c5d0       ??0?$NPRPCBuffer@VStorageGetUserFileMessage@@@@QAE@XZ 1000d5d0 f i MessageDefinition.obj
 0001:0000c610       ??0?$NPRPCBuffer@VStoragePublisherFileMessage@@@@QAE@XZ 1000d610 f i MessageDefinition.obj
 0001:0000c650       ??0?$NPRPCBuffer@VStorageUserFileMessage@@@@QAE@XZ 1000d650 f i MessageDefinition.obj
 0001:0000c690       ??0?$NPRPCBuffer@VStorageWriteUserFileMessage@@@@QAE@XZ 1000d690 f i MessageDefinition.obj
 0001:0000c6d0       ??0?$NPRPCBuffer@VStorageWriteUserFileResultMessage@@@@QAE@XZ 1000d6d0 f i MessageDefinition.obj
 0001:0000c710       ??0RPCAuthenticateExternalStatusMessage@@QAE@XZ 1000d710 f i MessageDefinition.obj
 0001:0000c760       ??0RPCAuthenticateKickUserMessage@@QAE@XZ 1000d760 f i MessageDefinition.obj
 0001:0000c7b0       ??0RPCAuthenticateRegisterServerMessage@@QAE@XZ 1000d7b0 f i MessageDefinition.obj
 0001:0000c800       ??0RPCAuthenticateRegisterServerResultMessage@@QAE@XZ 1000d800 f i MessageDefinition.obj
 0001:0000c850       ??0RPCAuthenticateResultMessage@@QAE@XZ 1000d850 f i MessageDefinition.obj
 0001:0000c8a0       ??0RPCAuthenticateUserGroupMessage@@QAE@XZ 1000d8a0 f i MessageDefinition.obj
 0001:0000c8f0       ??0RPCAuthenticateValidateTicketMessage@@QAE@XZ 1000d8f0 f i MessageDefinition.obj
 0001:0000c940       ??0RPCAuthenticateValidateTicketResultMessage@@QAE@XZ 1000d940 f i MessageDefinition.obj
 0001:0000c990       ??0RPCAuthenticateWithDetailsMessage@@QAE@XZ 1000d990 f i MessageDefinition.obj
 0001:0000c9e0       ??0RPCAuthenticateWithKeyMessage@@QAE@XZ 1000d9e0 f i MessageDefinition.obj
 0001:0000ca30       ??0RPCAuthenticateWithTokenMessage@@QAE@XZ 1000da30 f i MessageDefinition.obj
 0001:0000ca80       ??0RPCCloseAppMessage@@QAE@XZ 1000da80 f i MessageDefinition.obj
 0001:0000cad0       ??0RPCFriendsGetProfileDataMessage@@QAE@XZ 1000dad0 f i MessageDefinition.obj
 0001:0000cb20       ??0RPCFriendsGetProfileDataResultMessage@@QAE@XZ 1000db20 f i MessageDefinition.obj
 0001:0000cb70       ??0RPCFriendsGetUserAvatarMessage@@QAE@XZ 1000db70 f i MessageDefinition.obj
 0001:0000cbc0       ??0RPCFriendsGetUserAvatarResultMessage@@QAE@XZ 1000dbc0 f i MessageDefinition.obj
 0001:0000cc10       ??0RPCFriendsPresenceMessage@@QAE@XZ 1000dc10 f i MessageDefinition.obj
 0001:0000cc60       ??0RPCFriendsRosterMessage@@QAE@XZ 1000dc60 f i MessageDefinition.obj
 0001:0000ccb0       ??0RPCFriendsSetPresenceMessage@@QAE@XZ 1000dcb0 f i MessageDefinition.obj
 0001:0000cd00       ??0RPCFriendsSetSteamIDMessage@@QAE@XZ 1000dd00 f i MessageDefinition.obj
 0001:0000cd50       ??0RPCHelloMessage@@QAE@XZ 1000dd50 f i MessageDefinition.obj
 0001:0000cda0       ??0RPCMessagingSendDataMessage@@QAE@XZ 1000dda0 f i MessageDefinition.obj
 0001:0000cdf0       ??0RPCServersCreateSessionMessage@@QAE@XZ 1000ddf0 f i MessageDefinition.obj
 0001:0000ce40       ??0RPCServersCreateSessionResultMessage@@QAE@XZ 1000de40 f i MessageDefinition.obj
 0001:0000ce90       ??0RPCServersDeleteSessionMessage@@QAE@XZ 1000de90 f i MessageDefinition.obj
 0001:0000cee0       ??0RPCServersDeleteSessionResultMessage@@QAE@XZ 1000dee0 f i MessageDefinition.obj
 0001:0000cf30       ??0RPCServersGetSessionsMessage@@QAE@XZ 1000df30 f i MessageDefinition.obj
 0001:0000cf80       ??0RPCServersGetSessionsResultMessage@@QAE@XZ 1000df80 f i MessageDefinition.obj
 0001:0000cfd0       ??0RPCServersUpdateSessionMessage@@QAE@XZ 1000dfd0 f i MessageDefinition.obj
 0001:0000d020       ??0RPCServersUpdateSessionResultMessage@@QAE@XZ 1000e020 f i MessageDefinition.obj
 0001:0000d070       ??0RPCStorageGetPublisherFileMessage@@QAE@XZ 1000e070 f i MessageDefinition.obj
 0001:0000d0c0       ??0RPCStorageGetUserFileMessage@@QAE@XZ 1000e0c0 f i MessageDefinition.obj
 0001:0000d110       ??0RPCStoragePublisherFileMessage@@QAE@XZ 1000e110 f i MessageDefinition.obj
 0001:0000d160       ??0RPCStorageUserFileMessage@@QAE@XZ 1000e160 f i MessageDefinition.obj
 0001:0000d1b0       ??0RPCStorageWriteUserFileMessage@@QAE@XZ 1000e1b0 f i MessageDefinition.obj
 0001:0000d200       ??0RPCStorageWriteUserFileResultMessage@@QAE@XZ 1000e200 f i MessageDefinition.obj
 0001:0000d250       ??1?$NPRPCBuffer@VAuthenticateExternalStatusMessage@@@@QAE@XZ 1000e250 f i MessageDefinition.obj
 0001:0000d280       ??1?$NPRPCBuffer@VAuthenticateKickUserMessage@@@@QAE@XZ 1000e280 f i MessageDefinition.obj
 0001:0000d2b0       ??1?$NPRPCBuffer@VAuthenticateRegisterServerMessage@@@@QAE@XZ 1000e2b0 f i MessageDefinition.obj
 0001:0000d2e0       ??1?$NPRPCBuffer@VAuthenticateRegisterServerResultMessage@@@@QAE@XZ 1000e2e0 f i MessageDefinition.obj
 0001:0000d310       ??1?$NPRPCBuffer@VAuthenticateResultMessage@@@@QAE@XZ 1000e310 f i MessageDefinition.obj
 0001:0000d340       ??1?$NPRPCBuffer@VAuthenticateUserGroupMessage@@@@QAE@XZ 1000e340 f i MessageDefinition.obj
 0001:0000d370       ??1?$NPRPCBuffer@VAuthenticateValidateTicketMessage@@@@QAE@XZ 1000e370 f i MessageDefinition.obj
 0001:0000d3a0       ??1?$NPRPCBuffer@VAuthenticateValidateTicketResultMessage@@@@QAE@XZ 1000e3a0 f i MessageDefinition.obj
 0001:0000d3d0       ??1?$NPRPCBuffer@VAuthenticateWithDetailsMessage@@@@QAE@XZ 1000e3d0 f i MessageDefinition.obj
 0001:0000d400       ??1?$NPRPCBuffer@VAuthenticateWithKeyMessage@@@@QAE@XZ 1000e400 f i MessageDefinition.obj
 0001:0000d430       ??1?$NPRPCBuffer@VAuthenticateWithTokenMessage@@@@QAE@XZ 1000e430 f i MessageDefinition.obj
 0001:0000d460       ??1?$NPRPCBuffer@VCloseAppMessage@@@@QAE@XZ 1000e460 f i MessageDefinition.obj
 0001:0000d490       ??1?$NPRPCBuffer@VFriendsGetProfileDataMessage@@@@QAE@XZ 1000e490 f i MessageDefinition.obj
 0001:0000d4c0       ??1?$NPRPCBuffer@VFriendsGetProfileDataResultMessage@@@@QAE@XZ 1000e4c0 f i MessageDefinition.obj
 0001:0000d4f0       ??1?$NPRPCBuffer@VFriendsGetUserAvatarMessage@@@@QAE@XZ 1000e4f0 f i MessageDefinition.obj
 0001:0000d520       ??1?$NPRPCBuffer@VFriendsGetUserAvatarResultMessage@@@@QAE@XZ 1000e520 f i MessageDefinition.obj
 0001:0000d550       ??1?$NPRPCBuffer@VFriendsPresenceMessage@@@@QAE@XZ 1000e550 f i MessageDefinition.obj
 0001:0000d580       ??1?$NPRPCBuffer@VFriendsRosterMessage@@@@QAE@XZ 1000e580 f i MessageDefinition.obj
 0001:0000d5b0       ??1?$NPRPCBuffer@VFriendsSetPresenceMessage@@@@QAE@XZ 1000e5b0 f i MessageDefinition.obj
 0001:0000d5e0       ??1?$NPRPCBuffer@VFriendsSetSteamIDMessage@@@@QAE@XZ 1000e5e0 f i MessageDefinition.obj
 0001:0000d610       ??1?$NPRPCBuffer@VHelloMessage@@@@QAE@XZ 1000e610 f i MessageDefinition.obj
 0001:0000d640       ??1?$NPRPCBuffer@VMessagingSendDataMessage@@@@QAE@XZ 1000e640 f i MessageDefinition.obj
 0001:0000d670       ??1?$NPRPCBuffer@VServersCreateSessionMessage@@@@QAE@XZ 1000e670 f i MessageDefinition.obj
 0001:0000d6a0       ??1?$NPRPCBuffer@VServersCreateSessionResultMessage@@@@QAE@XZ 1000e6a0 f i MessageDefinition.obj
 0001:0000d6d0       ??1?$NPRPCBuffer@VServersDeleteSessionMessage@@@@QAE@XZ 1000e6d0 f i MessageDefinition.obj
 0001:0000d700       ??1?$NPRPCBuffer@VServersDeleteSessionResultMessage@@@@QAE@XZ 1000e700 f i MessageDefinition.obj
 0001:0000d730       ??1?$NPRPCBuffer@VServersGetSessionsMessage@@@@QAE@XZ 1000e730 f i MessageDefinition.obj
 0001:0000d760       ??1?$NPRPCBuffer@VServersGetSessionsResultMessage@@@@QAE@XZ 1000e760 f i MessageDefinition.obj
 0001:0000d790       ??1?$NPRPCBuffer@VServersUpdateSessionMessage@@@@QAE@XZ 1000e790 f i MessageDefinition.obj
 0001:0000d7c0       ??1?$NPRPCBuffer@VServersUpdateSessionResultMessage@@@@QAE@XZ 1000e7c0 f i MessageDefinition.obj
 0001:0000d7f0       ??1?$NPRPCBuffer@VStorageGetPublisherFileMessage@@@@QAE@XZ 1000e7f0 f i MessageDefinition.obj
 0001:0000d820       ??1?$NPRPCBuffer@VStorageGetUserFileMessage@@@@QAE@XZ 1000e820 f i MessageDefinition.obj
 0001:0000d850       ??1?$NPRPCBuffer@VStoragePublisherFileMessage@@@@QAE@XZ 1000e850 f i MessageDefinition.obj
 0001:0000d880       ??1?$NPRPCBuffer@VStorageSendRandomStringMessage@@@@QAE@XZ 1000e880 f i MessageDefinition.obj
 0001:0000d8b0       ??1?$NPRPCBuffer@VStorageUserFileMessage@@@@QAE@XZ 1000e8b0 f i MessageDefinition.obj
 0001:0000d8e0       ??1?$NPRPCBuffer@VStorageWriteUserFileMessage@@@@QAE@XZ 1000e8e0 f i MessageDefinition.obj
 0001:0000d910       ??1?$NPRPCBuffer@VStorageWriteUserFileResultMessage@@@@QAE@XZ 1000e910 f i MessageDefinition.obj
 0001:0000d940       ??1RPCAuthenticateExternalStatusMessage@@QAE@XZ 1000e940 f i MessageDefinition.obj
 0001:0000d970       ??1RPCAuthenticateKickUserMessage@@QAE@XZ 1000e970 f i MessageDefinition.obj
 0001:0000d9a0       ??1RPCAuthenticateRegisterServerMessage@@QAE@XZ 1000e9a0 f i MessageDefinition.obj
 0001:0000d9d0       ??1RPCAuthenticateRegisterServerResultMessage@@QAE@XZ 1000e9d0 f i MessageDefinition.obj
 0001:0000da00       ??1RPCAuthenticateResultMessage@@QAE@XZ 1000ea00 f i MessageDefinition.obj
 0001:0000da30       ??1RPCAuthenticateUserGroupMessage@@QAE@XZ 1000ea30 f i MessageDefinition.obj
 0001:0000da60       ??1RPCAuthenticateValidateTicketMessage@@QAE@XZ 1000ea60 f i MessageDefinition.obj
 0001:0000da90       ??1RPCAuthenticateValidateTicketResultMessage@@QAE@XZ 1000ea90 f i MessageDefinition.obj
 0001:0000dac0       ??1RPCAuthenticateWithDetailsMessage@@QAE@XZ 1000eac0 f i MessageDefinition.obj
 0001:0000daf0       ??1RPCAuthenticateWithKeyMessage@@QAE@XZ 1000eaf0 f i MessageDefinition.obj
 0001:0000db20       ??1RPCAuthenticateWithTokenMessage@@QAE@XZ 1000eb20 f i MessageDefinition.obj
 0001:0000db50       ??1RPCCloseAppMessage@@QAE@XZ 1000eb50 f i MessageDefinition.obj
 0001:0000db80       ??1RPCFriendsGetProfileDataMessage@@QAE@XZ 1000eb80 f i MessageDefinition.obj
 0001:0000dbb0       ??1RPCFriendsGetProfileDataResultMessage@@QAE@XZ 1000ebb0 f i MessageDefinition.obj
 0001:0000dbe0       ??1RPCFriendsGetUserAvatarMessage@@QAE@XZ 1000ebe0 f i MessageDefinition.obj
 0001:0000dc10       ??1RPCFriendsGetUserAvatarResultMessage@@QAE@XZ 1000ec10 f i MessageDefinition.obj
 0001:0000dc40       ??1RPCFriendsPresenceMessage@@QAE@XZ 1000ec40 f i MessageDefinition.obj
 0001:0000dc70       ??1RPCFriendsRosterMessage@@QAE@XZ 1000ec70 f i MessageDefinition.obj
 0001:0000dca0       ??1RPCFriendsSetPresenceMessage@@QAE@XZ 1000eca0 f i MessageDefinition.obj
 0001:0000dcd0       ??1RPCFriendsSetSteamIDMessage@@QAE@XZ 1000ecd0 f i MessageDefinition.obj
 0001:0000dd00       ??1RPCHelloMessage@@QAE@XZ 1000ed00 f i MessageDefinition.obj
 0001:0000dd30       ??1RPCMessagingSendDataMessage@@QAE@XZ 1000ed30 f i MessageDefinition.obj
 0001:0000dd60       ??1RPCServersCreateSessionMessage@@QAE@XZ 1000ed60 f i MessageDefinition.obj
 0001:0000dd90       ??1RPCServersCreateSessionResultMessage@@QAE@XZ 1000ed90 f i MessageDefinition.obj
 0001:0000ddc0       ??1RPCServersDeleteSessionMessage@@QAE@XZ 1000edc0 f i MessageDefinition.obj
 0001:0000ddf0       ??1RPCServersDeleteSessionResultMessage@@QAE@XZ 1000edf0 f i MessageDefinition.obj
 0001:0000de20       ??1RPCServersGetSessionsMessage@@QAE@XZ 1000ee20 f i MessageDefinition.obj
 0001:0000de50       ??1RPCServersGetSessionsResultMessage@@QAE@XZ 1000ee50 f i MessageDefinition.obj
 0001:0000de80       ??1RPCServersUpdateSessionMessage@@QAE@XZ 1000ee80 f i MessageDefinition.obj
 0001:0000deb0       ??1RPCServersUpdateSessionResultMessage@@QAE@XZ 1000eeb0 f i MessageDefinition.obj
 0001:0000dee0       ??1RPCStorageGetPublisherFileMessage@@QAE@XZ 1000eee0 f i MessageDefinition.obj
 0001:0000df10       ??1RPCStorageGetUserFileMessage@@QAE@XZ 1000ef10 f i MessageDefinition.obj
 0001:0000df40       ??1RPCStoragePublisherFileMessage@@QAE@XZ 1000ef40 f i MessageDefinition.obj
 0001:0000df70       ??1RPCStorageSendRandomStringMessage@@QAE@XZ 1000ef70 f i MessageDefinition.obj
 0001:0000dfa0       ??1RPCStorageUserFileMessage@@QAE@XZ 1000efa0 f i MessageDefinition.obj
 0001:0000dfd0       ??1RPCStorageWriteUserFileMessage@@QAE@XZ 1000efd0 f i MessageDefinition.obj
 0001:0000e000       ??1RPCStorageWriteUserFileResultMessage@@QAE@XZ 1000f000 f i MessageDefinition.obj
 0001:0000e030       ??_GRPCAuthenticateExternalStatusMessage@@QAEPAXI@Z 1000f030 f i MessageDefinition.obj
 0001:0000e080       ??_GRPCAuthenticateKickUserMessage@@QAEPAXI@Z 1000f080 f i MessageDefinition.obj
 0001:0000e0d0       ??_GRPCAuthenticateRegisterServerMessage@@QAEPAXI@Z 1000f0d0 f i MessageDefinition.obj
 0001:0000e120       ??_GRPCAuthenticateRegisterServerResultMessage@@QAEPAXI@Z 1000f120 f i MessageDefinition.obj
 0001:0000e170       ??_GRPCAuthenticateResultMessage@@QAEPAXI@Z 1000f170 f i MessageDefinition.obj
 0001:0000e1c0       ??_GRPCAuthenticateUserGroupMessage@@QAEPAXI@Z 1000f1c0 f i MessageDefinition.obj
 0001:0000e210       ??_GRPCAuthenticateValidateTicketMessage@@QAEPAXI@Z 1000f210 f i MessageDefinition.obj
 0001:0000e260       ??_GRPCAuthenticateValidateTicketResultMessage@@QAEPAXI@Z 1000f260 f i MessageDefinition.obj
 0001:0000e2b0       ??_GRPCAuthenticateWithDetailsMessage@@QAEPAXI@Z 1000f2b0 f i MessageDefinition.obj
 0001:0000e300       ??_GRPCAuthenticateWithKeyMessage@@QAEPAXI@Z 1000f300 f i MessageDefinition.obj
 0001:0000e350       ??_GRPCAuthenticateWithTokenMessage@@QAEPAXI@Z 1000f350 f i MessageDefinition.obj
 0001:0000e3a0       ??_GRPCCloseAppMessage@@QAEPAXI@Z 1000f3a0 f i MessageDefinition.obj
 0001:0000e3f0       ??_GRPCFriendsGetProfileDataMessage@@QAEPAXI@Z 1000f3f0 f i MessageDefinition.obj
 0001:0000e440       ??_GRPCFriendsGetProfileDataResultMessage@@QAEPAXI@Z 1000f440 f i MessageDefinition.obj
 0001:0000e490       ??_GRPCFriendsGetUserAvatarMessage@@QAEPAXI@Z 1000f490 f i MessageDefinition.obj
 0001:0000e4e0       ??_GRPCFriendsGetUserAvatarResultMessage@@QAEPAXI@Z 1000f4e0 f i MessageDefinition.obj
 0001:0000e530       ??_GRPCFriendsPresenceMessage@@QAEPAXI@Z 1000f530 f i MessageDefinition.obj
 0001:0000e580       ??_GRPCFriendsRosterMessage@@QAEPAXI@Z 1000f580 f i MessageDefinition.obj
 0001:0000e5d0       ??_GRPCFriendsSetPresenceMessage@@QAEPAXI@Z 1000f5d0 f i MessageDefinition.obj
 0001:0000e620       ??_GRPCFriendsSetSteamIDMessage@@QAEPAXI@Z 1000f620 f i MessageDefinition.obj
 0001:0000e670       ??_GRPCHelloMessage@@QAEPAXI@Z 1000f670 f i MessageDefinition.obj
 0001:0000e6c0       ??_GRPCMessagingSendDataMessage@@QAEPAXI@Z 1000f6c0 f i MessageDefinition.obj
 0001:0000e710       ??_GRPCServersCreateSessionMessage@@QAEPAXI@Z 1000f710 f i MessageDefinition.obj
 0001:0000e760       ??_GRPCServersCreateSessionResultMessage@@QAEPAXI@Z 1000f760 f i MessageDefinition.obj
 0001:0000e7b0       ??_GRPCServersDeleteSessionMessage@@QAEPAXI@Z 1000f7b0 f i MessageDefinition.obj
 0001:0000e800       ??_GRPCServersDeleteSessionResultMessage@@QAEPAXI@Z 1000f800 f i MessageDefinition.obj
 0001:0000e850       ??_GRPCServersGetSessionsMessage@@QAEPAXI@Z 1000f850 f i MessageDefinition.obj
 0001:0000e8a0       ??_GRPCServersGetSessionsResultMessage@@QAEPAXI@Z 1000f8a0 f i MessageDefinition.obj
 0001:0000e8f0       ??_GRPCServersUpdateSessionMessage@@QAEPAXI@Z 1000f8f0 f i MessageDefinition.obj
 0001:0000e940       ??_GRPCServersUpdateSessionResultMessage@@QAEPAXI@Z 1000f940 f i MessageDefinition.obj
 0001:0000e990       ??_GRPCStorageGetPublisherFileMessage@@QAEPAXI@Z 1000f990 f i MessageDefinition.obj
 0001:0000e9e0       ??_GRPCStorageGetUserFileMessage@@QAEPAXI@Z 1000f9e0 f i MessageDefinition.obj
 0001:0000ea30       ??_GRPCStoragePublisherFileMessage@@QAEPAXI@Z 1000fa30 f i MessageDefinition.obj
 0001:0000ea80       ??_GRPCStorageSendRandomStringMessage@@QAEPAXI@Z 1000fa80 f i MessageDefinition.obj
 0001:0000ead0       ??_GRPCStorageUserFileMessage@@QAEPAXI@Z 1000fad0 f i MessageDefinition.obj
 0001:0000eb20       ??_GRPCStorageWriteUserFileMessage@@QAEPAXI@Z 1000fb20 f i MessageDefinition.obj
 0001:0000eb70       ??_GRPCStorageWriteUserFileResultMessage@@QAEPAXI@Z 1000fb70 f i MessageDefinition.obj
 0001:0000ebc0       ?Deserialize@?$NPRPCBuffer@VAuthenticateExternalStatusMessage@@@@UAEXPBEI@Z 1000fbc0 f i MessageDefinition.obj
 0001:0000ec00       ?Deserialize@?$NPRPCBuffer@VAuthenticateKickUserMessage@@@@UAEXPBEI@Z 1000fc00 f i MessageDefinition.obj
 0001:0000ec40       ?Deserialize@?$NPRPCBuffer@VAuthenticateRegisterServerMessage@@@@UAEXPBEI@Z 1000fc40 f i MessageDefinition.obj
 0001:0000ec80       ?Deserialize@?$NPRPCBuffer@VAuthenticateRegisterServerResultMessage@@@@UAEXPBEI@Z 1000fc80 f i MessageDefinition.obj
 0001:0000ecc0       ?Deserialize@?$NPRPCBuffer@VAuthenticateResultMessage@@@@UAEXPBEI@Z 1000fcc0 f i MessageDefinition.obj
 0001:0000ed00       ?Deserialize@?$NPRPCBuffer@VAuthenticateUserGroupMessage@@@@UAEXPBEI@Z 1000fd00 f i MessageDefinition.obj
 0001:0000ed40       ?Deserialize@?$NPRPCBuffer@VAuthenticateValidateTicketMessage@@@@UAEXPBEI@Z 1000fd40 f i MessageDefinition.obj
 0001:0000ed80       ?Deserialize@?$NPRPCBuffer@VAuthenticateValidateTicketResultMessage@@@@UAEXPBEI@Z 1000fd80 f i MessageDefinition.obj
 0001:0000edc0       ?Deserialize@?$NPRPCBuffer@VAuthenticateWithDetailsMessage@@@@UAEXPBEI@Z 1000fdc0 f i MessageDefinition.obj
 0001:0000ee00       ?Deserialize@?$NPRPCBuffer@VAuthenticateWithKeyMessage@@@@UAEXPBEI@Z 1000fe00 f i MessageDefinition.obj
 0001:0000ee40       ?Deserialize@?$NPRPCBuffer@VAuthenticateWithTokenMessage@@@@UAEXPBEI@Z 1000fe40 f i MessageDefinition.obj
 0001:0000ee80       ?Deserialize@?$NPRPCBuffer@VCloseAppMessage@@@@UAEXPBEI@Z 1000fe80 f i MessageDefinition.obj
 0001:0000eec0       ?Deserialize@?$NPRPCBuffer@VFriendsGetProfileDataMessage@@@@UAEXPBEI@Z 1000fec0 f i MessageDefinition.obj
 0001:0000ef00       ?Deserialize@?$NPRPCBuffer@VFriendsGetProfileDataResultMessage@@@@UAEXPBEI@Z 1000ff00 f i MessageDefinition.obj
 0001:0000ef40       ?Deserialize@?$NPRPCBuffer@VFriendsGetUserAvatarMessage@@@@UAEXPBEI@Z 1000ff40 f i MessageDefinition.obj
 0001:0000ef80       ?Deserialize@?$NPRPCBuffer@VFriendsGetUserAvatarResultMessage@@@@UAEXPBEI@Z 1000ff80 f i MessageDefinition.obj
 0001:0000efc0       ?Deserialize@?$NPRPCBuffer@VFriendsPresenceMessage@@@@UAEXPBEI@Z 1000ffc0 f i MessageDefinition.obj
 0001:0000f000       ?Deserialize@?$NPRPCBuffer@VFriendsRosterMessage@@@@UAEXPBEI@Z 10010000 f i MessageDefinition.obj
 0001:0000f040       ?Deserialize@?$NPRPCBuffer@VFriendsSetPresenceMessage@@@@UAEXPBEI@Z 10010040 f i MessageDefinition.obj
 0001:0000f080       ?Deserialize@?$NPRPCBuffer@VFriendsSetSteamIDMessage@@@@UAEXPBEI@Z 10010080 f i MessageDefinition.obj
 0001:0000f0c0       ?Deserialize@?$NPRPCBuffer@VHelloMessage@@@@UAEXPBEI@Z 100100c0 f i MessageDefinition.obj
 0001:0000f100       ?Deserialize@?$NPRPCBuffer@VMessagingSendDataMessage@@@@UAEXPBEI@Z 10010100 f i MessageDefinition.obj
 0001:0000f140       ?Deserialize@?$NPRPCBuffer@VServersCreateSessionMessage@@@@UAEXPBEI@Z 10010140 f i MessageDefinition.obj
 0001:0000f180       ?Deserialize@?$NPRPCBuffer@VServersCreateSessionResultMessage@@@@UAEXPBEI@Z 10010180 f i MessageDefinition.obj
 0001:0000f1c0       ?Deserialize@?$NPRPCBuffer@VServersDeleteSessionMessage@@@@UAEXPBEI@Z 100101c0 f i MessageDefinition.obj
 0001:0000f200       ?Deserialize@?$NPRPCBuffer@VServersDeleteSessionResultMessage@@@@UAEXPBEI@Z 10010200 f i MessageDefinition.obj
 0001:0000f240       ?Deserialize@?$NPRPCBuffer@VServersGetSessionsMessage@@@@UAEXPBEI@Z 10010240 f i MessageDefinition.obj
 0001:0000f280       ?Deserialize@?$NPRPCBuffer@VServersGetSessionsResultMessage@@@@UAEXPBEI@Z 10010280 f i MessageDefinition.obj
 0001:0000f2c0       ?Deserialize@?$NPRPCBuffer@VServersUpdateSessionMessage@@@@UAEXPBEI@Z 100102c0 f i MessageDefinition.obj
 0001:0000f300       ?Deserialize@?$NPRPCBuffer@VServersUpdateSessionResultMessage@@@@UAEXPBEI@Z 10010300 f i MessageDefinition.obj
 0001:0000f340       ?Deserialize@?$NPRPCBuffer@VStorageGetPublisherFileMessage@@@@UAEXPBEI@Z 10010340 f i MessageDefinition.obj
 0001:0000f380       ?Deserialize@?$NPRPCBuffer@VStorageGetUserFileMessage@@@@UAEXPBEI@Z 10010380 f i MessageDefinition.obj
 0001:0000f3c0       ?Deserialize@?$NPRPCBuffer@VStoragePublisherFileMessage@@@@UAEXPBEI@Z 100103c0 f i MessageDefinition.obj
 0001:0000f400       ?Deserialize@?$NPRPCBuffer@VStorageUserFileMessage@@@@UAEXPBEI@Z 10010400 f i MessageDefinition.obj
 0001:0000f440       ?Deserialize@?$NPRPCBuffer@VStorageWriteUserFileMessage@@@@UAEXPBEI@Z 10010440 f i MessageDefinition.obj
 0001:0000f480       ?Deserialize@?$NPRPCBuffer@VStorageWriteUserFileResultMessage@@@@UAEXPBEI@Z 10010480 f i MessageDefinition.obj
 0001:0000f4c0       ?Deserialize@RPCAuthenticateExternalStatusMessage@@UAEXPBEI@Z 100104c0 f   MessageDefinition.obj
 0001:0000f500       ?Deserialize@RPCAuthenticateKickUserMessage@@UAEXPBEI@Z 10010500 f   MessageDefinition.obj
 0001:0000f540       ?Deserialize@RPCAuthenticateRegisterServerMessage@@UAEXPBEI@Z 10010540 f   MessageDefinition.obj
 0001:0000f580       ?Deserialize@RPCAuthenticateRegisterServerResultMessage@@UAEXPBEI@Z 10010580 f   MessageDefinition.obj
 0001:0000f5c0       ?Deserialize@RPCAuthenticateResultMessage@@UAEXPBEI@Z 100105c0 f   MessageDefinition.obj
 0001:0000f600       ?Deserialize@RPCAuthenticateUserGroupMessage@@UAEXPBEI@Z 10010600 f   MessageDefinition.obj
 0001:0000f640       ?Deserialize@RPCAuthenticateValidateTicketMessage@@UAEXPBEI@Z 10010640 f   MessageDefinition.obj
 0001:0000f680       ?Deserialize@RPCAuthenticateValidateTicketResultMessage@@UAEXPBEI@Z 10010680 f   MessageDefinition.obj
 0001:0000f6c0       ?Deserialize@RPCAuthenticateWithDetailsMessage@@UAEXPBEI@Z 100106c0 f   MessageDefinition.obj
 0001:0000f700       ?Deserialize@RPCAuthenticateWithKeyMessage@@UAEXPBEI@Z 10010700 f   MessageDefinition.obj
 0001:0000f740       ?Deserialize@RPCAuthenticateWithTokenMessage@@UAEXPBEI@Z 10010740 f   MessageDefinition.obj
 0001:0000f780       ?Deserialize@RPCCloseAppMessage@@UAEXPBEI@Z 10010780 f   MessageDefinition.obj
 0001:0000f7c0       ?Deserialize@RPCFriendsGetProfileDataMessage@@UAEXPBEI@Z 100107c0 f   MessageDefinition.obj
 0001:0000f800       ?Deserialize@RPCFriendsGetProfileDataResultMessage@@UAEXPBEI@Z 10010800 f   MessageDefinition.obj
 0001:0000f840       ?Deserialize@RPCFriendsGetUserAvatarMessage@@UAEXPBEI@Z 10010840 f   MessageDefinition.obj
 0001:0000f880       ?Deserialize@RPCFriendsGetUserAvatarResultMessage@@UAEXPBEI@Z 10010880 f   MessageDefinition.obj
 0001:0000f8c0       ?Deserialize@RPCFriendsPresenceMessage@@UAEXPBEI@Z 100108c0 f   MessageDefinition.obj
 0001:0000f900       ?Deserialize@RPCFriendsRosterMessage@@UAEXPBEI@Z 10010900 f   MessageDefinition.obj
 0001:0000f940       ?Deserialize@RPCFriendsSetPresenceMessage@@UAEXPBEI@Z 10010940 f   MessageDefinition.obj
 0001:0000f980       ?Deserialize@RPCFriendsSetSteamIDMessage@@UAEXPBEI@Z 10010980 f   MessageDefinition.obj
 0001:0000f9c0       ?Deserialize@RPCHelloMessage@@UAEXPBEI@Z 100109c0 f   MessageDefinition.obj
 0001:0000fa00       ?Deserialize@RPCMessagingSendDataMessage@@UAEXPBEI@Z 10010a00 f   MessageDefinition.obj
 0001:0000fa40       ?Deserialize@RPCServersCreateSessionMessage@@UAEXPBEI@Z 10010a40 f   MessageDefinition.obj
 0001:0000fa80       ?Deserialize@RPCServersCreateSessionResultMessage@@UAEXPBEI@Z 10010a80 f   MessageDefinition.obj
 0001:0000fac0       ?Deserialize@RPCServersDeleteSessionMessage@@UAEXPBEI@Z 10010ac0 f   MessageDefinition.obj
 0001:0000fb00       ?Deserialize@RPCServersDeleteSessionResultMessage@@UAEXPBEI@Z 10010b00 f   MessageDefinition.obj
 0001:0000fb40       ?Deserialize@RPCServersGetSessionsMessage@@UAEXPBEI@Z 10010b40 f   MessageDefinition.obj
 0001:0000fb80       ?Deserialize@RPCServersGetSessionsResultMessage@@UAEXPBEI@Z 10010b80 f   MessageDefinition.obj
 0001:0000fbc0       ?Deserialize@RPCServersUpdateSessionMessage@@UAEXPBEI@Z 10010bc0 f   MessageDefinition.obj
 0001:0000fc00       ?Deserialize@RPCServersUpdateSessionResultMessage@@UAEXPBEI@Z 10010c00 f   MessageDefinition.obj
 0001:0000fc40       ?Deserialize@RPCStorageGetPublisherFileMessage@@UAEXPBEI@Z 10010c40 f   MessageDefinition.obj
 0001:0000fc80       ?Deserialize@RPCStorageGetUserFileMessage@@UAEXPBEI@Z 10010c80 f   MessageDefinition.obj
 0001:0000fcc0       ?Deserialize@RPCStoragePublisherFileMessage@@UAEXPBEI@Z 10010cc0 f   MessageDefinition.obj
 0001:0000fd00       ?Deserialize@RPCStorageSendRandomStringMessage@@UAEXPBEI@Z 10010d00 f   MessageDefinition.obj
 0001:0000fd40       ?Deserialize@RPCStorageUserFileMessage@@UAEXPBEI@Z 10010d40 f   MessageDefinition.obj
 0001:0000fd80       ?Deserialize@RPCStorageWriteUserFileMessage@@UAEXPBEI@Z 10010d80 f   MessageDefinition.obj
 0001:0000fdc0       ?Deserialize@RPCStorageWriteUserFileResultMessage@@UAEXPBEI@Z 10010dc0 f   MessageDefinition.obj
 0001:0000fe00       ?Free@RPCAuthenticateExternalStatusMessage@@UAEXXZ 10010e00 f   MessageDefinition.obj
 0001:0000fe70       ?Free@RPCAuthenticateKickUserMessage@@UAEXXZ 10010e70 f   MessageDefinition.obj
 0001:0000fee0       ?Free@RPCAuthenticateRegisterServerMessage@@UAEXXZ 10010ee0 f   MessageDefinition.obj
 0001:0000ff50       ?Free@RPCAuthenticateRegisterServerResultMessage@@UAEXXZ 10010f50 f   MessageDefinition.obj
 0001:0000ffc0       ?Free@RPCAuthenticateResultMessage@@UAEXXZ 10010fc0 f   MessageDefinition.obj
 0001:00010030       ?Free@RPCAuthenticateUserGroupMessage@@UAEXXZ 10011030 f   MessageDefinition.obj
 0001:000100a0       ?Free@RPCAuthenticateValidateTicketMessage@@UAEXXZ 100110a0 f   MessageDefinition.obj
 0001:00010110       ?Free@RPCAuthenticateValidateTicketResultMessage@@UAEXXZ 10011110 f   MessageDefinition.obj
 0001:00010180       ?Free@RPCAuthenticateWithDetailsMessage@@UAEXXZ 10011180 f   MessageDefinition.obj
 0001:000101f0       ?Free@RPCAuthenticateWithKeyMessage@@UAEXXZ 100111f0 f   MessageDefinition.obj
 0001:00010260       ?Free@RPCAuthenticateWithTokenMessage@@UAEXXZ 10011260 f   MessageDefinition.obj
 0001:000102d0       ?Free@RPCCloseAppMessage@@UAEXXZ 100112d0 f   MessageDefinition.obj
 0001:00010340       ?Free@RPCFriendsGetProfileDataMessage@@UAEXXZ 10011340 f   MessageDefinition.obj
 0001:000103b0       ?Free@RPCFriendsGetProfileDataResultMessage@@UAEXXZ 100113b0 f   MessageDefinition.obj
 0001:00010420       ?Free@RPCFriendsGetUserAvatarMessage@@UAEXXZ 10011420 f   MessageDefinition.obj
 0001:00010490       ?Free@RPCFriendsGetUserAvatarResultMessage@@UAEXXZ 10011490 f   MessageDefinition.obj
 0001:00010500       ?Free@RPCFriendsPresenceMessage@@UAEXXZ 10011500 f   MessageDefinition.obj
 0001:00010570       ?Free@RPCFriendsRosterMessage@@UAEXXZ 10011570 f   MessageDefinition.obj
 0001:000105e0       ?Free@RPCFriendsSetPresenceMessage@@UAEXXZ 100115e0 f   MessageDefinition.obj
 0001:00010650       ?Free@RPCFriendsSetSteamIDMessage@@UAEXXZ 10011650 f   MessageDefinition.obj
 0001:000106c0       ?Free@RPCHelloMessage@@UAEXXZ 100116c0 f   MessageDefinition.obj
 0001:00010730       ?Free@RPCMessagingSendDataMessage@@UAEXXZ 10011730 f   MessageDefinition.obj
 0001:000107a0       ?Free@RPCServersCreateSessionMessage@@UAEXXZ 100117a0 f   MessageDefinition.obj
 0001:00010810       ?Free@RPCServersCreateSessionResultMessage@@UAEXXZ 10011810 f   MessageDefinition.obj
 0001:00010880       ?Free@RPCServersDeleteSessionMessage@@UAEXXZ 10011880 f   MessageDefinition.obj
 0001:000108f0       ?Free@RPCServersDeleteSessionResultMessage@@UAEXXZ 100118f0 f   MessageDefinition.obj
 0001:00010960       ?Free@RPCServersGetSessionsMessage@@UAEXXZ 10011960 f   MessageDefinition.obj
 0001:000109d0       ?Free@RPCServersGetSessionsResultMessage@@UAEXXZ 100119d0 f   MessageDefinition.obj
 0001:00010a40       ?Free@RPCServersUpdateSessionMessage@@UAEXXZ 10011a40 f   MessageDefinition.obj
 0001:00010ab0       ?Free@RPCServersUpdateSessionResultMessage@@UAEXXZ 10011ab0 f   MessageDefinition.obj
 0001:00010b20       ?Free@RPCStorageGetPublisherFileMessage@@UAEXXZ 10011b20 f   MessageDefinition.obj
 0001:00010b90       ?Free@RPCStorageGetUserFileMessage@@UAEXXZ 10011b90 f   MessageDefinition.obj
 0001:00010c00       ?Free@RPCStoragePublisherFileMessage@@UAEXXZ 10011c00 f   MessageDefinition.obj
 0001:00010c70       ?Free@RPCStorageSendRandomStringMessage@@UAEXXZ 10011c70 f   MessageDefinition.obj
 0001:00010ce0       ?Free@RPCStorageUserFileMessage@@UAEXXZ 10011ce0 f   MessageDefinition.obj
 0001:00010d50       ?Free@RPCStorageWriteUserFileMessage@@UAEXXZ 10011d50 f   MessageDefinition.obj
 0001:00010dc0       ?Free@RPCStorageWriteUserFileResultMessage@@UAEXXZ 10011dc0 f   MessageDefinition.obj
 0001:00010e30       ?FreePayload@RPCAuthenticateExternalStatusMessage@@UAEXXZ 10011e30 f   MessageDefinition.obj
 0001:00010e80       ?FreePayload@RPCAuthenticateKickUserMessage@@UAEXXZ 10011e80 f   MessageDefinition.obj
 0001:00010ed0       ?FreePayload@RPCAuthenticateRegisterServerMessage@@UAEXXZ 10011ed0 f   MessageDefinition.obj
 0001:00010f20       ?FreePayload@RPCAuthenticateRegisterServerResultMessage@@UAEXXZ 10011f20 f   MessageDefinition.obj
 0001:00010f70       ?FreePayload@RPCAuthenticateResultMessage@@UAEXXZ 10011f70 f   MessageDefinition.obj
 0001:00010fc0       ?FreePayload@RPCAuthenticateUserGroupMessage@@UAEXXZ 10011fc0 f   MessageDefinition.obj
 0001:00011010       ?FreePayload@RPCAuthenticateValidateTicketMessage@@UAEXXZ 10012010 f   MessageDefinition.obj
 0001:00011060       ?FreePayload@RPCAuthenticateValidateTicketResultMessage@@UAEXXZ 10012060 f   MessageDefinition.obj
 0001:000110b0       ?FreePayload@RPCAuthenticateWithDetailsMessage@@UAEXXZ 100120b0 f   MessageDefinition.obj
 0001:00011100       ?FreePayload@RPCAuthenticateWithKeyMessage@@UAEXXZ 10012100 f   MessageDefinition.obj
 0001:00011150       ?FreePayload@RPCAuthenticateWithTokenMessage@@UAEXXZ 10012150 f   MessageDefinition.obj
 0001:000111a0       ?FreePayload@RPCCloseAppMessage@@UAEXXZ 100121a0 f   MessageDefinition.obj
 0001:000111f0       ?FreePayload@RPCFriendsGetProfileDataMessage@@UAEXXZ 100121f0 f   MessageDefinition.obj
 0001:00011240       ?FreePayload@RPCFriendsGetProfileDataResultMessage@@UAEXXZ 10012240 f   MessageDefinition.obj
 0001:00011290       ?FreePayload@RPCFriendsGetUserAvatarMessage@@UAEXXZ 10012290 f   MessageDefinition.obj
 0001:000112e0       ?FreePayload@RPCFriendsGetUserAvatarResultMessage@@UAEXXZ 100122e0 f   MessageDefinition.obj
 0001:00011330       ?FreePayload@RPCFriendsPresenceMessage@@UAEXXZ 10012330 f   MessageDefinition.obj
 0001:00011380       ?FreePayload@RPCFriendsRosterMessage@@UAEXXZ 10012380 f   MessageDefinition.obj
 0001:000113d0       ?FreePayload@RPCFriendsSetPresenceMessage@@UAEXXZ 100123d0 f   MessageDefinition.obj
 0001:00011420       ?FreePayload@RPCFriendsSetSteamIDMessage@@UAEXXZ 10012420 f   MessageDefinition.obj
 0001:00011470       ?FreePayload@RPCHelloMessage@@UAEXXZ 10012470 f   MessageDefinition.obj
 0001:000114c0       ?FreePayload@RPCMessagingSendDataMessage@@UAEXXZ 100124c0 f   MessageDefinition.obj
 0001:00011510       ?FreePayload@RPCServersCreateSessionMessage@@UAEXXZ 10012510 f   MessageDefinition.obj
 0001:00011560       ?FreePayload@RPCServersCreateSessionResultMessage@@UAEXXZ 10012560 f   MessageDefinition.obj
 0001:000115b0       ?FreePayload@RPCServersDeleteSessionMessage@@UAEXXZ 100125b0 f   MessageDefinition.obj
 0001:00011600       ?FreePayload@RPCServersDeleteSessionResultMessage@@UAEXXZ 10012600 f   MessageDefinition.obj
 0001:00011650       ?FreePayload@RPCServersGetSessionsMessage@@UAEXXZ 10012650 f   MessageDefinition.obj
 0001:000116a0       ?FreePayload@RPCServersGetSessionsResultMessage@@UAEXXZ 100126a0 f   MessageDefinition.obj
 0001:000116f0       ?FreePayload@RPCServersUpdateSessionMessage@@UAEXXZ 100126f0 f   MessageDefinition.obj
 0001:00011740       ?FreePayload@RPCServersUpdateSessionResultMessage@@UAEXXZ 10012740 f   MessageDefinition.obj
 0001:00011790       ?FreePayload@RPCStorageGetPublisherFileMessage@@UAEXXZ 10012790 f   MessageDefinition.obj
 0001:000117e0       ?FreePayload@RPCStorageGetUserFileMessage@@UAEXXZ 100127e0 f   MessageDefinition.obj
 0001:00011830       ?FreePayload@RPCStoragePublisherFileMessage@@UAEXXZ 10012830 f   MessageDefinition.obj
 0001:00011880       ?FreePayload@RPCStorageSendRandomStringMessage@@UAEXXZ 10012880 f   MessageDefinition.obj
 0001:000118d0       ?FreePayload@RPCStorageUserFileMessage@@UAEXXZ 100128d0 f   MessageDefinition.obj
 0001:00011920       ?FreePayload@RPCStorageWriteUserFileMessage@@UAEXXZ 10012920 f   MessageDefinition.obj
 0001:00011970       ?FreePayload@RPCStorageWriteUserFileResultMessage@@UAEXXZ 10012970 f   MessageDefinition.obj
 0001:000119c0       ?GetBuffer@RPCAuthenticateExternalStatusMessage@@QAEPAVAuthenticateExternalStatusMessage@@XZ 100129c0 f   MessageDefinition.obj
 0001:000119f0       ?GetBuffer@RPCAuthenticateKickUserMessage@@QAEPAVAuthenticateKickUserMessage@@XZ 100129f0 f   MessageDefinition.obj
 0001:00011a20       ?GetBuffer@RPCAuthenticateRegisterServerMessage@@QAEPAVAuthenticateRegisterServerMessage@@XZ 10012a20 f   MessageDefinition.obj
 0001:00011a50       ?GetBuffer@RPCAuthenticateRegisterServerResultMessage@@QAEPAVAuthenticateRegisterServerResultMessage@@XZ 10012a50 f   MessageDefinition.obj
 0001:00011a80       ?GetBuffer@RPCAuthenticateResultMessage@@QAEPAVAuthenticateResultMessage@@XZ 10012a80 f   MessageDefinition.obj
 0001:00011ab0       ?GetBuffer@RPCAuthenticateUserGroupMessage@@QAEPAVAuthenticateUserGroupMessage@@XZ 10012ab0 f   MessageDefinition.obj
 0001:00011ae0       ?GetBuffer@RPCAuthenticateValidateTicketMessage@@QAEPAVAuthenticateValidateTicketMessage@@XZ 10012ae0 f   MessageDefinition.obj
 0001:00011b10       ?GetBuffer@RPCAuthenticateValidateTicketResultMessage@@QAEPAVAuthenticateValidateTicketResultMessage@@XZ 10012b10 f   MessageDefinition.obj
 0001:00011b40       ?GetBuffer@RPCAuthenticateWithDetailsMessage@@QAEPAVAuthenticateWithDetailsMessage@@XZ 10012b40 f   MessageDefinition.obj
 0001:00011b70       ?GetBuffer@RPCAuthenticateWithKeyMessage@@QAEPAVAuthenticateWithKeyMessage@@XZ 10012b70 f   MessageDefinition.obj
 0001:00011ba0       ?GetBuffer@RPCAuthenticateWithTokenMessage@@QAEPAVAuthenticateWithTokenMessage@@XZ 10012ba0 f   MessageDefinition.obj
 0001:00011bd0       ?GetBuffer@RPCCloseAppMessage@@QAEPAVCloseAppMessage@@XZ 10012bd0 f   MessageDefinition.obj
 0001:00011c00       ?GetBuffer@RPCFriendsGetProfileDataMessage@@QAEPAVFriendsGetProfileDataMessage@@XZ 10012c00 f   MessageDefinition.obj
 0001:00011c30       ?GetBuffer@RPCFriendsGetProfileDataResultMessage@@QAEPAVFriendsGetProfileDataResultMessage@@XZ 10012c30 f   MessageDefinition.obj
 0001:00011c60       ?GetBuffer@RPCFriendsGetUserAvatarMessage@@QAEPAVFriendsGetUserAvatarMessage@@XZ 10012c60 f   MessageDefinition.obj
 0001:00011c90       ?GetBuffer@RPCFriendsGetUserAvatarResultMessage@@QAEPAVFriendsGetUserAvatarResultMessage@@XZ 10012c90 f   MessageDefinition.obj
 0001:00011cc0       ?GetBuffer@RPCFriendsPresenceMessage@@QAEPAVFriendsPresenceMessage@@XZ 10012cc0 f   MessageDefinition.obj
 0001:00011cf0       ?GetBuffer@RPCFriendsRosterMessage@@QAEPAVFriendsRosterMessage@@XZ 10012cf0 f   MessageDefinition.obj
 0001:00011d20       ?GetBuffer@RPCFriendsSetPresenceMessage@@QAEPAVFriendsSetPresenceMessage@@XZ 10012d20 f   MessageDefinition.obj
 0001:00011d50       ?GetBuffer@RPCFriendsSetSteamIDMessage@@QAEPAVFriendsSetSteamIDMessage@@XZ 10012d50 f   MessageDefinition.obj
 0001:00011d80       ?GetBuffer@RPCHelloMessage@@QAEPAVHelloMessage@@XZ 10012d80 f   MessageDefinition.obj
 0001:00011db0       ?GetBuffer@RPCMessagingSendDataMessage@@QAEPAVMessagingSendDataMessage@@XZ 10012db0 f   MessageDefinition.obj
 0001:00011de0       ?GetBuffer@RPCServersCreateSessionMessage@@QAEPAVServersCreateSessionMessage@@XZ 10012de0 f   MessageDefinition.obj
 0001:00011e10       ?GetBuffer@RPCServersCreateSessionResultMessage@@QAEPAVServersCreateSessionResultMessage@@XZ 10012e10 f   MessageDefinition.obj
 0001:00011e40       ?GetBuffer@RPCServersDeleteSessionMessage@@QAEPAVServersDeleteSessionMessage@@XZ 10012e40 f   MessageDefinition.obj
 0001:00011e70       ?GetBuffer@RPCServersDeleteSessionResultMessage@@QAEPAVServersDeleteSessionResultMessage@@XZ 10012e70 f   MessageDefinition.obj
 0001:00011ea0       ?GetBuffer@RPCServersGetSessionsMessage@@QAEPAVServersGetSessionsMessage@@XZ 10012ea0 f   MessageDefinition.obj
 0001:00011ed0       ?GetBuffer@RPCServersGetSessionsResultMessage@@QAEPAVServersGetSessionsResultMessage@@XZ 10012ed0 f   MessageDefinition.obj
 0001:00011f00       ?GetBuffer@RPCServersUpdateSessionMessage@@QAEPAVServersUpdateSessionMessage@@XZ 10012f00 f   MessageDefinition.obj
 0001:00011f30       ?GetBuffer@RPCServersUpdateSessionResultMessage@@QAEPAVServersUpdateSessionResultMessage@@XZ 10012f30 f   MessageDefinition.obj
 0001:00011f60       ?GetBuffer@RPCStorageGetPublisherFileMessage@@QAEPAVStorageGetPublisherFileMessage@@XZ 10012f60 f   MessageDefinition.obj
 0001:00011f90       ?GetBuffer@RPCStorageGetUserFileMessage@@QAEPAVStorageGetUserFileMessage@@XZ 10012f90 f   MessageDefinition.obj
 0001:00011fc0       ?GetBuffer@RPCStoragePublisherFileMessage@@QAEPAVStoragePublisherFileMessage@@XZ 10012fc0 f   MessageDefinition.obj
 0001:00011ff0       ?GetBuffer@RPCStorageSendRandomStringMessage@@QAEPAVStorageSendRandomStringMessage@@XZ 10012ff0 f   MessageDefinition.obj
 0001:00012020       ?GetBuffer@RPCStorageUserFileMessage@@QAEPAVStorageUserFileMessage@@XZ 10013020 f   MessageDefinition.obj
 0001:00012050       ?GetBuffer@RPCStorageWriteUserFileMessage@@QAEPAVStorageWriteUserFileMessage@@XZ 10013050 f   MessageDefinition.obj
 0001:00012080       ?GetBuffer@RPCStorageWriteUserFileResultMessage@@QAEPAVStorageWriteUserFileResultMessage@@XZ 10013080 f   MessageDefinition.obj
 0001:000120b0       ?GetPayload@?$NPRPCBuffer@VAuthenticateExternalStatusMessage@@@@QAEPAVAuthenticateExternalStatusMessage@@XZ 100130b0 f i MessageDefinition.obj
 0001:000120d0       ?GetPayload@?$NPRPCBuffer@VAuthenticateKickUserMessage@@@@QAEPAVAuthenticateKickUserMessage@@XZ 100130d0 f i MessageDefinition.obj
 0001:000120f0       ?GetPayload@?$NPRPCBuffer@VAuthenticateRegisterServerMessage@@@@QAEPAVAuthenticateRegisterServerMessage@@XZ 100130f0 f i MessageDefinition.obj
 0001:00012110       ?GetPayload@?$NPRPCBuffer@VAuthenticateRegisterServerResultMessage@@@@QAEPAVAuthenticateRegisterServerResultMessage@@XZ 10013110 f i MessageDefinition.obj
 0001:00012130       ?GetPayload@?$NPRPCBuffer@VAuthenticateResultMessage@@@@QAEPAVAuthenticateResultMessage@@XZ 10013130 f i MessageDefinition.obj
 0001:00012150       ?GetPayload@?$NPRPCBuffer@VAuthenticateUserGroupMessage@@@@QAEPAVAuthenticateUserGroupMessage@@XZ 10013150 f i MessageDefinition.obj
 0001:00012170       ?GetPayload@?$NPRPCBuffer@VAuthenticateValidateTicketMessage@@@@QAEPAVAuthenticateValidateTicketMessage@@XZ 10013170 f i MessageDefinition.obj
 0001:00012190       ?GetPayload@?$NPRPCBuffer@VAuthenticateValidateTicketResultMessage@@@@QAEPAVAuthenticateValidateTicketResultMessage@@XZ 10013190 f i MessageDefinition.obj
 0001:000121b0       ?GetPayload@?$NPRPCBuffer@VAuthenticateWithDetailsMessage@@@@QAEPAVAuthenticateWithDetailsMessage@@XZ 100131b0 f i MessageDefinition.obj
 0001:000121d0       ?GetPayload@?$NPRPCBuffer@VAuthenticateWithKeyMessage@@@@QAEPAVAuthenticateWithKeyMessage@@XZ 100131d0 f i MessageDefinition.obj
 0001:000121f0       ?GetPayload@?$NPRPCBuffer@VAuthenticateWithTokenMessage@@@@QAEPAVAuthenticateWithTokenMessage@@XZ 100131f0 f i MessageDefinition.obj
 0001:00012210       ?GetPayload@?$NPRPCBuffer@VCloseAppMessage@@@@QAEPAVCloseAppMessage@@XZ 10013210 f i MessageDefinition.obj
 0001:00012230       ?GetPayload@?$NPRPCBuffer@VFriendsGetProfileDataMessage@@@@QAEPAVFriendsGetProfileDataMessage@@XZ 10013230 f i MessageDefinition.obj
 0001:00012250       ?GetPayload@?$NPRPCBuffer@VFriendsGetProfileDataResultMessage@@@@QAEPAVFriendsGetProfileDataResultMessage@@XZ 10013250 f i MessageDefinition.obj
 0001:00012270       ?GetPayload@?$NPRPCBuffer@VFriendsGetUserAvatarMessage@@@@QAEPAVFriendsGetUserAvatarMessage@@XZ 10013270 f i MessageDefinition.obj
 0001:00012290       ?GetPayload@?$NPRPCBuffer@VFriendsGetUserAvatarResultMessage@@@@QAEPAVFriendsGetUserAvatarResultMessage@@XZ 10013290 f i MessageDefinition.obj
 0001:000122b0       ?GetPayload@?$NPRPCBuffer@VFriendsPresenceMessage@@@@QAEPAVFriendsPresenceMessage@@XZ 100132b0 f i MessageDefinition.obj
 0001:000122d0       ?GetPayload@?$NPRPCBuffer@VFriendsRosterMessage@@@@QAEPAVFriendsRosterMessage@@XZ 100132d0 f i MessageDefinition.obj
 0001:000122f0       ?GetPayload@?$NPRPCBuffer@VFriendsSetPresenceMessage@@@@QAEPAVFriendsSetPresenceMessage@@XZ 100132f0 f i MessageDefinition.obj
 0001:00012310       ?GetPayload@?$NPRPCBuffer@VFriendsSetSteamIDMessage@@@@QAEPAVFriendsSetSteamIDMessage@@XZ 10013310 f i MessageDefinition.obj
 0001:00012330       ?GetPayload@?$NPRPCBuffer@VHelloMessage@@@@QAEPAVHelloMessage@@XZ 10013330 f i MessageDefinition.obj
 0001:00012350       ?GetPayload@?$NPRPCBuffer@VMessagingSendDataMessage@@@@QAEPAVMessagingSendDataMessage@@XZ 10013350 f i MessageDefinition.obj
 0001:00012370       ?GetPayload@?$NPRPCBuffer@VServersCreateSessionMessage@@@@QAEPAVServersCreateSessionMessage@@XZ 10013370 f i MessageDefinition.obj
 0001:00012390       ?GetPayload@?$NPRPCBuffer@VServersCreateSessionResultMessage@@@@QAEPAVServersCreateSessionResultMessage@@XZ 10013390 f i MessageDefinition.obj
 0001:000123b0       ?GetPayload@?$NPRPCBuffer@VServersDeleteSessionMessage@@@@QAEPAVServersDeleteSessionMessage@@XZ 100133b0 f i MessageDefinition.obj
 0001:000123d0       ?GetPayload@?$NPRPCBuffer@VServersDeleteSessionResultMessage@@@@QAEPAVServersDeleteSessionResultMessage@@XZ 100133d0 f i MessageDefinition.obj
 0001:000123f0       ?GetPayload@?$NPRPCBuffer@VServersGetSessionsMessage@@@@QAEPAVServersGetSessionsMessage@@XZ 100133f0 f i MessageDefinition.obj
 0001:00012410       ?GetPayload@?$NPRPCBuffer@VServersGetSessionsResultMessage@@@@QAEPAVServersGetSessionsResultMessage@@XZ 10013410 f i MessageDefinition.obj
 0001:00012430       ?GetPayload@?$NPRPCBuffer@VServersUpdateSessionMessage@@@@QAEPAVServersUpdateSessionMessage@@XZ 10013430 f i MessageDefinition.obj
 0001:00012450       ?GetPayload@?$NPRPCBuffer@VServersUpdateSessionResultMessage@@@@QAEPAVServersUpdateSessionResultMessage@@XZ 10013450 f i MessageDefinition.obj
 0001:00012470       ?GetPayload@?$NPRPCBuffer@VStorageGetPublisherFileMessage@@@@QAEPAVStorageGetPublisherFileMessage@@XZ 10013470 f i MessageDefinition.obj
 0001:00012490       ?GetPayload@?$NPRPCBuffer@VStorageGetUserFileMessage@@@@QAEPAVStorageGetUserFileMessage@@XZ 10013490 f i MessageDefinition.obj
 0001:000124b0       ?GetPayload@?$NPRPCBuffer@VStoragePublisherFileMessage@@@@QAEPAVStoragePublisherFileMessage@@XZ 100134b0 f i MessageDefinition.obj
 0001:000124d0       ?GetPayload@?$NPRPCBuffer@VStorageSendRandomStringMessage@@@@QAEPAVStorageSendRandomStringMessage@@XZ 100134d0 f i MessageDefinition.obj
 0001:000124f0       ?GetPayload@?$NPRPCBuffer@VStorageUserFileMessage@@@@QAEPAVStorageUserFileMessage@@XZ 100134f0 f i MessageDefinition.obj
 0001:00012510       ?GetPayload@?$NPRPCBuffer@VStorageWriteUserFileMessage@@@@QAEPAVStorageWriteUserFileMessage@@XZ 10013510 f i MessageDefinition.obj
 0001:00012530       ?GetPayload@?$NPRPCBuffer@VStorageWriteUserFileResultMessage@@@@QAEPAVStorageWriteUserFileResultMessage@@XZ 10013530 f i MessageDefinition.obj
 0001:00012550       ?GetType@RPCAuthenticateExternalStatusMessage@@UAEHXZ 10013550 f   MessageDefinition.obj
 0001:00012570       ?GetType@RPCAuthenticateKickUserMessage@@UAEHXZ 10013570 f   MessageDefinition.obj
 0001:00012590       ?GetType@RPCAuthenticateRegisterServerMessage@@UAEHXZ 10013590 f   MessageDefinition.obj
 0001:000125b0       ?GetType@RPCAuthenticateRegisterServerResultMessage@@UAEHXZ 100135b0 f   MessageDefinition.obj
 0001:000125d0       ?GetType@RPCAuthenticateResultMessage@@UAEHXZ 100135d0 f   MessageDefinition.obj
 0001:000125f0       ?GetType@RPCAuthenticateUserGroupMessage@@UAEHXZ 100135f0 f   MessageDefinition.obj
 0001:00012610       ?GetType@RPCAuthenticateValidateTicketMessage@@UAEHXZ 10013610 f   MessageDefinition.obj
 0001:00012630       ?GetType@RPCAuthenticateValidateTicketResultMessage@@UAEHXZ 10013630 f   MessageDefinition.obj
 0001:00012650       ?GetType@RPCAuthenticateWithDetailsMessage@@UAEHXZ 10013650 f   MessageDefinition.obj
 0001:00012670       ?GetType@RPCAuthenticateWithKeyMessage@@UAEHXZ 10013670 f   MessageDefinition.obj
 0001:00012690       ?GetType@RPCAuthenticateWithTokenMessage@@UAEHXZ 10013690 f   MessageDefinition.obj
 0001:000126b0       ?GetType@RPCCloseAppMessage@@UAEHXZ 100136b0 f   MessageDefinition.obj
 0001:000126d0       ?GetType@RPCFriendsGetProfileDataMessage@@UAEHXZ 100136d0 f   MessageDefinition.obj
 0001:000126f0       ?GetType@RPCFriendsGetProfileDataResultMessage@@UAEHXZ 100136f0 f   MessageDefinition.obj
 0001:00012710       ?GetType@RPCFriendsGetUserAvatarMessage@@UAEHXZ 10013710 f   MessageDefinition.obj
 0001:00012730       ?GetType@RPCFriendsGetUserAvatarResultMessage@@UAEHXZ 10013730 f   MessageDefinition.obj
 0001:00012750       ?GetType@RPCFriendsPresenceMessage@@UAEHXZ 10013750 f   MessageDefinition.obj
 0001:00012770       ?GetType@RPCFriendsRosterMessage@@UAEHXZ 10013770 f   MessageDefinition.obj
 0001:00012790       ?GetType@RPCFriendsSetPresenceMessage@@UAEHXZ 10013790 f   MessageDefinition.obj
 0001:000127b0       ?GetType@RPCFriendsSetSteamIDMessage@@UAEHXZ 100137b0 f   MessageDefinition.obj
 0001:000127d0       ?GetType@RPCHelloMessage@@UAEHXZ 100137d0 f   MessageDefinition.obj
 0001:000127f0       ?GetType@RPCMessagingSendDataMessage@@UAEHXZ 100137f0 f   MessageDefinition.obj
 0001:00012810       ?GetType@RPCServersCreateSessionMessage@@UAEHXZ 10013810 f   MessageDefinition.obj
 0001:00012830       ?GetType@RPCServersCreateSessionResultMessage@@UAEHXZ 10013830 f   MessageDefinition.obj
 0001:00012850       ?GetType@RPCServersDeleteSessionMessage@@UAEHXZ 10013850 f   MessageDefinition.obj
 0001:00012870       ?GetType@RPCServersDeleteSessionResultMessage@@UAEHXZ 10013870 f   MessageDefinition.obj
 0001:00012890       ?GetType@RPCServersGetSessionsMessage@@UAEHXZ 10013890 f   MessageDefinition.obj
 0001:000128b0       ?GetType@RPCServersGetSessionsResultMessage@@UAEHXZ 100138b0 f   MessageDefinition.obj
 0001:000128d0       ?GetType@RPCServersUpdateSessionMessage@@UAEHXZ 100138d0 f   MessageDefinition.obj
 0001:000128f0       ?GetType@RPCServersUpdateSessionResultMessage@@UAEHXZ 100138f0 f   MessageDefinition.obj
 0001:00012910       ?GetType@RPCStorageGetPublisherFileMessage@@UAEHXZ 10013910 f   MessageDefinition.obj
 0001:00012930       ?GetType@RPCStorageGetUserFileMessage@@UAEHXZ 10013930 f   MessageDefinition.obj
 0001:00012950       ?GetType@RPCStoragePublisherFileMessage@@UAEHXZ 10013950 f   MessageDefinition.obj
 0001:00012970       ?GetType@RPCStorageSendRandomStringMessage@@UAEHXZ 10013970 f   MessageDefinition.obj
 0001:00012990       ?GetType@RPCStorageUserFileMessage@@UAEHXZ 10013990 f   MessageDefinition.obj
 0001:000129b0       ?GetType@RPCStorageWriteUserFileMessage@@UAEHXZ 100139b0 f   MessageDefinition.obj
 0001:000129d0       ?GetType@RPCStorageWriteUserFileResultMessage@@UAEHXZ 100139d0 f   MessageDefinition.obj
 0001:000129f0       ?Serialize@?$NPRPCBuffer@VAuthenticateExternalStatusMessage@@@@UAE?AV?$basic_string@DU?$char_traits@D@std@@V?$allocator@D@2@@std@@XZ 100139f0 f i MessageDefinition.obj
 0001:00012ab0       ?Serialize@?$NPRPCBuffer@VAuthenticateKickUserMessage@@@@UAE?AV?$basic_string@DU?$char_traits@D@std@@V?$allocator@D@2@@std@@XZ 10013ab0 f i MessageDefinition.obj
 0001:00012b70       ?Serialize@?$NPRPCBuffer@VAuthenticateRegisterServerMessage@@@@UAE?AV?$basic_string@DU?$char_traits@D@std@@V?$allocator@D@2@@std@@XZ 10013b70 f i MessageDefinition.obj
 0001:00012c30       ?Serialize@?$NPRPCBuffer@VAuthenticateRegisterServerResultMessage@@@@UAE?AV?$basic_string@DU?$char_traits@D@std@@V?$allocator@D@2@@std@@XZ 10013c30 f i MessageDefinition.obj
 0001:00012cf0       ?Serialize@?$NPRPCBuffer@VAuthenticateResultMessage@@@@UAE?AV?$basic_string@DU?$char_traits@D@std@@V?$allocator@D@2@@std@@XZ 10013cf0 f i MessageDefinition.obj
 0001:00012db0       ?Serialize@?$NPRPCBuffer@VAuthenticateUserGroupMessage@@@@UAE?AV?$basic_string@DU?$char_traits@D@std@@V?$allocator@D@2@@std@@XZ 10013db0 f i MessageDefinition.obj
 0001:00012e70       ?Serialize@?$NPRPCBuffer@VAuthenticateValidateTicketMessage@@@@UAE?AV?$basic_string@DU?$char_traits@D@std@@V?$allocator@D@2@@std@@XZ 10013e70 f i MessageDefinition.obj
 0001:00012f30       ?Serialize@?$NPRPCBuffer@VAuthenticateValidateTicketResultMessage@@@@UAE?AV?$basic_string@DU?$char_traits@D@std@@V?$allocator@D@2@@std@@XZ 10013f30 f i MessageDefinition.obj
 0001:00012ff0       ?Serialize@?$NPRPCBuffer@VAuthenticateWithDetailsMessage@@@@UAE?AV?$basic_string@DU?$char_traits@D@std@@V?$allocator@D@2@@std@@XZ 10013ff0 f i MessageDefinition.obj
 0001:000130b0       ?Serialize@?$NPRPCBuffer@VAuthenticateWithKeyMessage@@@@UAE?AV?$basic_string@DU?$char_traits@D@std@@V?$allocator@D@2@@std@@XZ 100140b0 f i MessageDefinition.obj
 0001:00013170       ?Serialize@?$NPRPCBuffer@VAuthenticateWithTokenMessage@@@@UAE?AV?$basic_string@DU?$char_traits@D@std@@V?$allocator@D@2@@std@@XZ 10014170 f i MessageDefinition.obj
 0001:00013230       ?Serialize@?$NPRPCBuffer@VCloseAppMessage@@@@UAE?AV?$basic_string@DU?$char_traits@D@std@@V?$allocator@D@2@@std@@XZ 10014230 f i MessageDefinition.obj
 0001:000132f0       ?Serialize@?$NPRPCBuffer@VFriendsGetProfileDataMessage@@@@UAE?AV?$basic_string@DU?$char_traits@D@std@@V?$allocator@D@2@@std@@XZ 100142f0 f i MessageDefinition.obj
 0001:000133b0       ?Serialize@?$NPRPCBuffer@VFriendsGetProfileDataResultMessage@@@@UAE?AV?$basic_string@DU?$char_traits@D@std@@V?$allocator@D@2@@std@@XZ 100143b0 f i MessageDefinition.obj
 0001:00013470       ?Serialize@?$NPRPCBuffer@VFriendsGetUserAvatarMessage@@@@UAE?AV?$basic_string@DU?$char_traits@D@std@@V?$allocator@D@2@@std@@XZ 10014470 f i MessageDefinition.obj
 0001:00013530       ?Serialize@?$NPRPCBuffer@VFriendsGetUserAvatarResultMessage@@@@UAE?AV?$basic_string@DU?$char_traits@D@std@@V?$allocator@D@2@@std@@XZ 10014530 f i MessageDefinition.obj
 0001:000135f0       ?Serialize@?$NPRPCBuffer@VFriendsPresenceMessage@@@@UAE?AV?$basic_string@DU?$char_traits@D@std@@V?$allocator@D@2@@std@@XZ 100145f0 f i MessageDefinition.obj
 0001:000136b0       ?Serialize@?$NPRPCBuffer@VFriendsRosterMessage@@@@UAE?AV?$basic_string@DU?$char_traits@D@std@@V?$allocator@D@2@@std@@XZ 100146b0 f i MessageDefinition.obj
 0001:00013770       ?Serialize@?$NPRPCBuffer@VFriendsSetPresenceMessage@@@@UAE?AV?$basic_string@DU?$char_traits@D@std@@V?$allocator@D@2@@std@@XZ 10014770 f i MessageDefinition.obj
 0001:00013830       ?Serialize@?$NPRPCBuffer@VFriendsSetSteamIDMessage@@@@UAE?AV?$basic_string@DU?$char_traits@D@std@@V?$allocator@D@2@@std@@XZ 10014830 f i MessageDefinition.obj
 0001:000138f0       ?Serialize@?$NPRPCBuffer@VHelloMessage@@@@UAE?AV?$basic_string@DU?$char_traits@D@std@@V?$allocator@D@2@@std@@XZ 100148f0 f i MessageDefinition.obj
 0001:000139b0       ?Serialize@?$NPRPCBuffer@VMessagingSendDataMessage@@@@UAE?AV?$basic_string@DU?$char_traits@D@std@@V?$allocator@D@2@@std@@XZ 100149b0 f i MessageDefinition.obj
 0001:00013a70       ?Serialize@?$NPRPCBuffer@VServersCreateSessionMessage@@@@UAE?AV?$basic_string@DU?$char_traits@D@std@@V?$allocator@D@2@@std@@XZ 10014a70 f i MessageDefinition.obj
 0001:00013b30       ?Serialize@?$NPRPCBuffer@VServersCreateSessionResultMessage@@@@UAE?AV?$basic_string@DU?$char_traits@D@std@@V?$allocator@D@2@@std@@XZ 10014b30 f i MessageDefinition.obj
 0001:00013bf0       ?Serialize@?$NPRPCBuffer@VServersDeleteSessionMessage@@@@UAE?AV?$basic_string@DU?$char_traits@D@std@@V?$allocator@D@2@@std@@XZ 10014bf0 f i MessageDefinition.obj
 0001:00013cb0       ?Serialize@?$NPRPCBuffer@VServersDeleteSessionResultMessage@@@@UAE?AV?$basic_string@DU?$char_traits@D@std@@V?$allocator@D@2@@std@@XZ 10014cb0 f i MessageDefinition.obj
 0001:00013d70       ?Serialize@?$NPRPCBuffer@VServersGetSessionsMessage@@@@UAE?AV?$basic_string@DU?$char_traits@D@std@@V?$allocator@D@2@@std@@XZ 10014d70 f i MessageDefinition.obj
 0001:00013e30       ?Serialize@?$NPRPCBuffer@VServersGetSessionsResultMessage@@@@UAE?AV?$basic_string@DU?$char_traits@D@std@@V?$allocator@D@2@@std@@XZ 10014e30 f i MessageDefinition.obj
 0001:00013ef0       ?Serialize@?$NPRPCBuffer@VServersUpdateSessionMessage@@@@UAE?AV?$basic_string@DU?$char_traits@D@std@@V?$allocator@D@2@@std@@XZ 10014ef0 f i MessageDefinition.obj
 0001:00013fb0       ?Serialize@?$NPRPCBuffer@VServersUpdateSessionResultMessage@@@@UAE?AV?$basic_string@DU?$char_traits@D@std@@V?$allocator@D@2@@std@@XZ 10014fb0 f i MessageDefinition.obj
 0001:00014070       ?Serialize@?$NPRPCBuffer@VStorageGetPublisherFileMessage@@@@UAE?AV?$basic_string@DU?$char_traits@D@std@@V?$allocator@D@2@@std@@XZ 10015070 f i MessageDefinition.obj
 0001:00014130       ?Serialize@?$NPRPCBuffer@VStorageGetUserFileMessage@@@@UAE?AV?$basic_string@DU?$char_traits@D@std@@V?$allocator@D@2@@std@@XZ 10015130 f i MessageDefinition.obj
 0001:000141f0       ?Serialize@?$NPRPCBuffer@VStoragePublisherFileMessage@@@@UAE?AV?$basic_string@DU?$char_traits@D@std@@V?$allocator@D@2@@std@@XZ 100151f0 f i MessageDefinition.obj
 0001:000142b0       ?Serialize@?$NPRPCBuffer@VStorageUserFileMessage@@@@UAE?AV?$basic_string@DU?$char_traits@D@std@@V?$allocator@D@2@@std@@XZ 100152b0 f i MessageDefinition.obj
 0001:00014370       ?Serialize@?$NPRPCBuffer@VStorageWriteUserFileMessage@@@@UAE?AV?$basic_string@DU?$char_traits@D@std@@V?$allocator@D@2@@std@@XZ 10015370 f i MessageDefinition.obj
 0001:00014430       ?Serialize@?$NPRPCBuffer@VStorageWriteUserFileResultMessage@@@@UAE?AV?$basic_string@DU?$char_traits@D@std@@V?$allocator@D@2@@std@@XZ 10015430 f i MessageDefinition.obj
 0001:000144f0       ?Serialize@RPCAuthenticateExternalStatusMessage@@UAEPAEPAII@Z 100154f0 f   MessageDefinition.obj
 0001:00014690       ?Serialize@RPCAuthenticateKickUserMessage@@UAEPAEPAII@Z 10015690 f   MessageDefinition.obj
 0001:00014830       ?Serialize@RPCAuthenticateRegisterServerMessage@@UAEPAEPAII@Z 10015830 f   MessageDefinition.obj
 0001:000149d0       ?Serialize@RPCAuthenticateRegisterServerResultMessage@@UAEPAEPAII@Z 100159d0 f   MessageDefinition.obj
 0001:00014b70       ?Serialize@RPCAuthenticateResultMessage@@UAEPAEPAII@Z 10015b70 f   MessageDefinition.obj
 0001:00014d10       ?Serialize@RPCAuthenticateUserGroupMessage@@UAEPAEPAII@Z 10015d10 f   MessageDefinition.obj
 0001:00014eb0       ?Serialize@RPCAuthenticateValidateTicketMessage@@UAEPAEPAII@Z 10015eb0 f   MessageDefinition.obj
 0001:00015050       ?Serialize@RPCAuthenticateValidateTicketResultMessage@@UAEPAEPAII@Z 10016050 f   MessageDefinition.obj
 0001:000151f0       ?Serialize@RPCAuthenticateWithDetailsMessage@@UAEPAEPAII@Z 100161f0 f   MessageDefinition.obj
 0001:00015390       ?Serialize@RPCAuthenticateWithKeyMessage@@UAEPAEPAII@Z 10016390 f   MessageDefinition.obj
 0001:00015530       ?Serialize@RPCAuthenticateWithTokenMessage@@UAEPAEPAII@Z 10016530 f   MessageDefinition.obj
 0001:000156d0       ?Serialize@RPCCloseAppMessage@@UAEPAEPAII@Z 100166d0 f   MessageDefinition.obj
 0001:00015870       ?Serialize@RPCFriendsGetProfileDataMessage@@UAEPAEPAII@Z 10016870 f   MessageDefinition.obj
 0001:00015a10       ?Serialize@RPCFriendsGetProfileDataResultMessage@@UAEPAEPAII@Z 10016a10 f   MessageDefinition.obj
 0001:00015bb0       ?Serialize@RPCFriendsGetUserAvatarMessage@@UAEPAEPAII@Z 10016bb0 f   MessageDefinition.obj
 0001:00015d50       ?Serialize@RPCFriendsGetUserAvatarResultMessage@@UAEPAEPAII@Z 10016d50 f   MessageDefinition.obj
 0001:00015ef0       ?Serialize@RPCFriendsPresenceMessage@@UAEPAEPAII@Z 10016ef0 f   MessageDefinition.obj
 0001:00016090       ?Serialize@RPCFriendsRosterMessage@@UAEPAEPAII@Z 10017090 f   MessageDefinition.obj
 0001:00016230       ?Serialize@RPCFriendsSetPresenceMessage@@UAEPAEPAII@Z 10017230 f   MessageDefinition.obj
 0001:000163d0       ?Serialize@RPCFriendsSetSteamIDMessage@@UAEPAEPAII@Z 100173d0 f   MessageDefinition.obj
 0001:00016570       ?Serialize@RPCHelloMessage@@UAEPAEPAII@Z 10017570 f   MessageDefinition.obj
 0001:00016710       ?Serialize@RPCMessagingSendDataMessage@@UAEPAEPAII@Z 10017710 f   MessageDefinition.obj
 0001:000168b0       ?Serialize@RPCServersCreateSessionMessage@@UAEPAEPAII@Z 100178b0 f   MessageDefinition.obj
 0001:00016a50       ?Serialize@RPCServersCreateSessionResultMessage@@UAEPAEPAII@Z 10017a50 f   MessageDefinition.obj
 0001:00016bf0       ?Serialize@RPCServersDeleteSessionMessage@@UAEPAEPAII@Z 10017bf0 f   MessageDefinition.obj
 0001:00016d90       ?Serialize@RPCServersDeleteSessionResultMessage@@UAEPAEPAII@Z 10017d90 f   MessageDefinition.obj
 0001:00016f30       ?Serialize@RPCServersGetSessionsMessage@@UAEPAEPAII@Z 10017f30 f   MessageDefinition.obj
 0001:000170d0       ?Serialize@RPCServersGetSessionsResultMessage@@UAEPAEPAII@Z 100180d0 f   MessageDefinition.obj
 0001:00017270       ?Serialize@RPCServersUpdateSessionMessage@@UAEPAEPAII@Z 10018270 f   MessageDefinition.obj
 0001:00017410       ?Serialize@RPCServersUpdateSessionResultMessage@@UAEPAEPAII@Z 10018410 f   MessageDefinition.obj
 0001:000175b0       ?Serialize@RPCStorageGetPublisherFileMessage@@UAEPAEPAII@Z 100185b0 f   MessageDefinition.obj
 0001:00017750       ?Serialize@RPCStorageGetUserFileMessage@@UAEPAEPAII@Z 10018750 f   MessageDefinition.obj
 0001:000178f0       ?Serialize@RPCStoragePublisherFileMessage@@UAEPAEPAII@Z 100188f0 f   MessageDefinition.obj
 0001:00017a90       ?Serialize@RPCStorageSendRandomStringMessage@@UAEPAEPAII@Z 10018a90 f   MessageDefinition.obj
 0001:00017c30       ?Serialize@RPCStorageUserFileMessage@@UAEPAEPAII@Z 10018c30 f   MessageDefinition.obj
 0001:00017dd0       ?Serialize@RPCStorageWriteUserFileMessage@@UAEPAEPAII@Z 10018dd0 f   MessageDefinition.obj
 0001:00017f70       ?Serialize@RPCStorageWriteUserFileResultMessage@@UAEPAEPAII@Z 10018f70 f   MessageDefinition.obj
 0001:00018110       ?c_str@?$basic_string@DU?$char_traits@D@std@@V?$allocator@D@2@@std@@QBEPBDXZ 10019110 f i MessageDefinition.obj
 0001:00018140       ?length@?$basic_string@DU?$char_traits@D@std@@V?$allocator@D@2@@std@@QBEIXZ 10019140 f i MessageDefinition.obj
 0001:00018160       ??$?0PAVNPAsyncCallback@@@?$allocator@PAPAVNPAsyncCallback@@@std@@QAE@ABV?$allocator@PAVNPAsyncCallback@@@1@@Z 10019160 f i NPAsync.obj
 0001:00018180       ??$?0U?$_Wrap_alloc@V?$allocator@PAVNPAsyncCallback@@@std@@@std@@@?$_Wrap_alloc@V?$allocator@PAPAVNPAsyncCallback@@@std@@@std@@QAE@ABU?$_Wrap_alloc@V?$allocator@PAVNPAsyncCallback@@@std@@@1@@Z 10019180 f i NPAsync.obj
 0001:000181b0       ??$_Allocate@U_Container_proxy@std@@@std@@YAPAU_Container_proxy@0@IPAU10@@Z 100191b0 f i NPAsync.obj
 0001:00018210       ??$construct@U_Container_proxy@std@@U12@@?$_Wrap_alloc@V?$allocator@U_Container_proxy@std@@@std@@@std@@QAEXPAU_Container_proxy@1@$$QAU21@@Z 10019210 f i NPAsync.obj
 0001:00018250       ??$construct@U_Container_proxy@std@@U12@@?$allocator@U_Container_proxy@std@@@std@@QAEXPAU_Container_proxy@1@$$QAU21@@Z 10019250 f i NPAsync.obj
 0001:00018310       ??$construct@U_Container_proxy@std@@U12@@?$allocator_traits@V?$allocator@U_Container_proxy@std@@@std@@@std@@SAXAAV?$allocator@U_Container_proxy@std@@@1@PAU_Container_proxy@1@$$QAU31@@Z 10019310 f i NPAsync.obj
[...]
 0003:0139f184       ?default_instance_@AuthenticateWithKeyMessage@@0PAV1@A 11473184     auth.pb.obj
 0003:0139f188       ?default_instance_@AuthenticateWithDetailsMessage@@0PAV1@A 11473188     auth.pb.obj
 0003:0139f18c       ?default_instance_@AuthenticateWithTokenMessage@@0PAV1@A 1147318c     auth.pb.obj
 0003:0139f190       ?default_instance_@AuthenticateResultMessage@@0PAV1@A 11473190     auth.pb.obj
 0003:0139f195       ?static_descriptor_initializer_auth_2eproto_@@3UStaticDescriptorInitializer_auth_2eproto@@A 11473195     auth.pb.obj
 0003:0139f1a4       ?default_instance_@FriendsGetProfileDataResultMessage@@0PAV1@A 114731a4     friends.pb.obj
 0003:0139f1a8       ?default_instance_@FriendDetails@@0PAV1@A 114731a8     friends.pb.obj
 0003:0139f1b0       ?default_instance_@FriendsRosterMessage@@0PAV1@A 114731b0     friends.pb.obj
 0003:0139f1b4       ?default_instance_@FriendsPresence@@0PAV1@A 114731b4     friends.pb.obj
 0003:0139f1b8       ?default_instance_@FriendsPresenceMessage@@0PAV1@A 114731b8     friends.pb.obj
 0003:0139f1bc       ?default_instance_@FriendsSetPresenceMessage@@0PAV1@A 114731bc     friends.pb.obj
 0003:0139f1c0       ?default_instance_@FriendsGetUserAvatarMessage@@0PAV1@A 114731c0     friends.pb.obj
 0003:0139f1c4       ?default_instance_@FriendsSetSteamIDMessage@@0PAV1@A 114731c4     friends.pb.obj
 0003:0139f1c8       ?default_instance_@FriendsGetUserAvatarResultMessage@@0PAV1@A 114731c8     friends.pb.obj
 0003:0139f1cc       ?default_instance_@FriendsGetProfileDataMessage@@0PAV1@A 114731cc     friends.pb.obj
 0003:0139f1d0       ?default_instance_@ProfileDataResult@@0PAV1@A 114731d0     friends.pb.obj
 0003:0139f1d6       ?static_descriptor_initializer_friends_2eproto_@@3UStaticDescriptorInitializer_friends_2eproto@@A 114731d6     friends.pb.obj
 0003:0139f1e8       ?default_instance_@HelloMessage@@0PAV1@A 114731e8     hello.pb.obj
 0003:0139f1ec       ?default_instance_@CloseAppMessage@@0PAV1@A 114731ec     hello.pb.obj
 0003:0139f1f0       ?default_instance_@MessagingSendDataMessage@@0PAV1@A 114731f0     hello.pb.obj
 0003:0139f1f6       ?static_descriptor_initializer_hello_2eproto_@@3UStaticDescriptorInitializer_hello_2eproto@@A 114731f6     hello.pb.obj
 0003:0139f1fc       ?default_instance_@ServersGetSessionsMessage@@0PAV1@A 114731fc     servers.pb.obj
 0003:0139f200       ?default_instance_@ServersGetSessionsResultMessage@@0PAV1@A 11473200     servers.pb.obj
 0003:0139f204       ?default_instance_@ServersUpdateSessionMessage@@0PAV1@A 11473204     servers.pb.obj
 0003:0139f208       ?default_instance_@ServersUpdateSessionResultMessage@@0PAV1@A 11473208     servers.pb.obj
 0003:0139f20c       ?default_instance_@ServersDeleteSessionMessage@@0PAV1@A 1147320c     servers.pb.obj
 0003:0139f210       ?default_instance_@ServersDeleteSessionResultMessage@@0PAV1@A 11473210     servers.pb.obj
 0003:0139f214       ?default_instance_@SessionInfo@@0PAV1@A 11473214     servers.pb.obj
 0003:0139f218       ?default_instance_@ServersCreateSessionMessage@@0PAV1@A 11473218     servers.pb.obj
 0003:0139f220       ?default_instance_@ServersCreateSessionResultMessage@@0PAV1@A 11473220     servers.pb.obj
 0003:0139f225       ?static_descriptor_initializer_servers_2eproto_@@3UStaticDescriptorInitializer_servers_2eproto@@A 11473225     servers.pb.obj
 0003:0139f230       ?default_instance_@StorageUserFileMessage@@0PAV1@A 11473230     storage.pb.obj
 0003:0139f234       ?default_instance_@StorageWriteUserFileMessage@@0PAV1@A 11473234     storage.pb.obj
 0003:0139f238       ?default_instance_@StorageWriteUserFileResultMessage@@0PAV1@A 11473238     storage.pb.obj
 0003:0139f23c       ?default_instance_@StorageSendRandomStringMessage@@0PAV1@A 1147323c     storage.pb.obj
 0003:0139f240       ?default_instance_@StorageGetPublisherFileMessage@@0PAV1@A 11473240     storage.pb.obj
 0003:0139f244       ?default_instance_@StoragePublisherFileMessage@@0PAV1@A 11473244     storage.pb.obj
 0003:0139f24c       ?default_instance_@StorageGetUserFileMessage@@0PAV1@A 1147324c     storage.pb.obj
 0003:0139f250       ?static_descriptor_initializer_storage_2eproto_@@3UStaticDescriptorInitializer_storage_2eproto@@A 11473250     storage.pb.obj
 0003:0139f260       ?shutdown_functions@internal@protobuf@google@@3PAV?$vector@P6AXXZV?$allocator@P6AXXZ@std@@@std@@A 11473260     libprotobuf-lite:common.obj
 0003:0139f264       ?shutdown_functions_mutex@internal@protobuf@google@@3PAVMutex@123@A 11473264     libprotobuf-lite:common.obj
 0003:0139f268       ?shutdown_functions_init@internal@protobuf@google@@3HA 11473268     libprotobuf-lite:common.obj
 0003:0139f274       ?log_silencer_count_init_@internal@protobuf@google@@3HA 11473274     libprotobuf-lite:common.obj
 0003:0139f288       _cipher_descriptor         11473288     tomcrypt:crypt_cipher_descriptor.obj
 0003:0139fe88       _prng_descriptor           11473e88     tomcrypt:crypt_prng_descriptor.obj
 0003:013a03f8       __Zero                     114743f8     libcpmt:xvalues.obj
 0003:013a0720       __cflush                   11474720     LIBCMT:_file.obj
 0003:013a0724       __umaskval                 11474724     LIBCMT:crt0dat.obj
 0003:013a0728       __exitflag                 11474728     LIBCMT:crt0dat.obj
 0003:013a072c       __C_Termination_Done       1147472c     LIBCMT:crt0dat.obj
 0003:013a0730       ___winitenv                11474730     LIBCMT:crt0dat.obj
 0003:013a0734       ___initenv                 11474734     LIBCMT:crt0dat.obj
 0003:013a0738       __C_Exit_Done              11474738     LIBCMT:crt0dat.obj
 0003:013a073c       ___argc                    1147473c     LIBCMT:crt0dat.obj
 0003:013a0740       ___argv                    11474740     LIBCMT:crt0dat.obj
 0003:013a0744       ___wargv                   11474744     LIBCMT:crt0dat.obj
 0003:013a0748       __environ                  11474748     LIBCMT:crt0dat.obj
 0003:013a074c       __wenviron                 1147474c     LIBCMT:crt0dat.obj
 0003:013a0750       __pgmptr                   11474750     LIBCMT:crt0dat.obj
 0003:013a0754       __wpgmptr                  11474754     LIBCMT:crt0dat.obj
 0003:013a0758       ___fastflag                11474758     LIBCMT:fpinit.obj
 0003:013a0760       __aenvptr                  11474760     LIBCMT:dllcrt0.obj
 0003:013a0764       __wenvptr                  11474764     LIBCMT:dllcrt0.obj
 0003:013a08c0       ___app_type                114748c0     LIBCMT:crt0msg.obj
 0003:013a0ef0       ___pPurecall               11474ef0     LIBCMT:inithelp.obj
 0003:013a0ef4       ?_pnhHeap@@3P6AHI@ZA       11474ef4     LIBCMT:handler.obj
 0003:013a0ef8       __maxwait                  11474ef8     LIBCMT:crtheap.obj
 0003:013a0efc       ___isa_available           11474efc     LIBCMT:cpu_disp.obj
 0003:013a0f00       ___favor                   11474f00     LIBCMT:cpu_disp.obj
 0003:013a0f04       ?__pInconsistency@@3P6AXXZA 11474f04     LIBCMT:hooks.obj
 0003:013a0f10       __crtheap                  11474f10     LIBCMT:heapinit.obj
 0003:013a0f14       __newmode                  11474f14     LIBCMT:_newmode.obj
 0003:013a0f18       ___pInvalidArgHandler      11474f18     LIBCMT:invarg.obj
 0003:013a0f1c       ___mblocalename            11474f1c     LIBCMT:mbctype.obj
 0003:013a0f20       ___mbcodepage              11474f20     LIBCMT:mbctype.obj
 0003:013a0f24       ___ismbcodepage            11474f24     LIBCMT:mbctype.obj
 0003:013a0f28       ___mbulinfo                11474f28     LIBCMT:mbctype.obj
 0003:013a0f38       ___locale_changed          11474f38     LIBCMT:wsetloca.obj
 0003:013a0f3c       __stdbuf                   11474f3c     LIBCMT:_sftbuf.obj
 0003:013a0f48       ___pioinfo                 11474f48     LIBCMT:ioinit.obj
 0003:013a1168       ?wsprintffp@@3P6AHPADPBDZZA 11475168     LIBCMT:error.obj
 0003:013a1174       ___error_mode              11475174     LIBCMT:errmode.obj
 0003:013a1190       ?pArgList@UnDecorator@@0PAVReplicator@@A 11475190     LIBCMT:undname.obj
 0003:013a1194       ?pZNameList@UnDecorator@@0PAVReplicator@@A 11475194     LIBCMT:undname.obj
 0003:013a1198       ?pTemplateArgList@UnDecorator@@0PAVReplicator@@A 11475198     LIBCMT:undname.obj
 0003:013a119c       ?gName@UnDecorator@@0PBDB  1147519c     LIBCMT:undname.obj
 0003:013a11a0       ?name@UnDecorator@@0PBDB   114751a0     LIBCMT:undname.obj
 0003:013a11a4       ?outputString@UnDecorator@@0PADA 114751a4     LIBCMT:undname.obj
 0003:013a11a8       ?maxStringLength@UnDecorator@@0HA 114751a8     LIBCMT:undname.obj
 0003:013a11ac       ?disableFlags@UnDecorator@@0KA 114751ac     LIBCMT:undname.obj
 0003:013a11b0       ?fExplicitTemplateParams@UnDecorator@@0_NA 114751b0     LIBCMT:undname.obj
 0003:013a11b1       ?fGetTemplateArgumentList@UnDecorator@@0_NA 114751b1     LIBCMT:undname.obj
 0003:013a11b4       ?m_pGetParameter@UnDecorator@@0P6APADJ@ZA 114751b4     LIBCMT:undname.obj
 0003:013a11cc       ?nodes@?1??make@DNameStatusNode@@SAPAV2@W4DNameStatus@@@Z@4PAV2@A 114751cc     LIBCMT:undname.obj
 0003:013a11fc       ??_B?1??make@DNameStatusNode@@SAPAV1@W4DNameStatus@@@Z@51 114751fc     LIBCMT:undname.obj
 0003:013a1204       ___lconv_static_null       11475204     LIBCMT:lconv.obj
 0003:013a1208       ___lconv_static_W_null     11475208     LIBCMT:lconv.obj
 0003:013a120c       __outputformat             1147520c     LIBCMT:outputformat.obj
 0003:013a1220       _ltc_mp                    11475220     <common>
 0003:013a1324       __nhandle                  11475324     <common>
 0003:013a1330       ___unguarded_readlc_active 11475330     <common>
 0003:013a1340       ___setlc_active            11475340     <common>
 0003:013a1344       __debugger_hook_dummy      11475344     <common>
 0003:013a1360       _encodedKERNEL32Functions  11475360     <common>
 0003:013a13f4       __acmdln                   114753f4     <common>
 0003:013a1400       ___dyn_tls_init_callback   11475400     <common>
 0003:013a1410       ___onexitend               11475410     <common>
 0003:013a1414       ___onexitbegin             11475414     <common>
 0003:013a1418       ___mbctype_initialized     11475418     <common>
 0003:013a141c       ___env_initialized         1147541c     <common>
 0003:013a1420       ___piob                    11475420     <common>
 0003:013a1760       __nstream                  11475760     <common>
 0003:013a1780       __bufin                    11475780     <common>
 0004:00000000       __IMPORT_DESCRIPTOR_WS2_32 11477000     ws2_32:WS2_32.dll
 0004:00000014       __IMPORT_DESCRIPTOR_KERNEL32 11477014     kernel32:KERNEL32.dll
 0004:00000028       __NULL_IMPORT_DESCRIPTOR   11477028     ws2_32:WS2_32.dll
 0004:00000298       __imp__GetCommandLineA@0   11477298     kernel32:KERNEL32.dll
 0004:0000029c       __imp__VirtualQuery@12     1147729c     kernel32:KERNEL32.dll
 0004:000002a0       __imp__WriteConsoleW@20    114772a0     kernel32:KERNEL32.dll
 0004:000002a4       __imp__SetStdHandle@8      114772a4     kernel32:KERNEL32.dll
 0004:000002a8       __imp__GetStringTypeW@16   114772a8     kernel32:KERNEL32.dll
 0004:000002ac       __imp__SetFilePointerEx@20 114772ac     kernel32:KERNEL32.dll
 0004:000002b0       __imp__EnumSystemLocalesW@8 114772b0     kernel32:KERNEL32.dll
 0004:000002b4       __imp__GetUserDefaultLCID@0 114772b4     kernel32:KERNEL32.dll
 0004:000002b8       __imp__IsValidLocale@8     114772b8     kernel32:KERNEL32.dll
 0004:000002bc       __imp__GetLocaleInfoW@16   114772bc     kernel32:KERNEL32.dll
 0004:000002c0       __imp__LCMapStringW@24     114772c0     kernel32:KERNEL32.dll
 0004:000002c4       __imp__CompareStringW@24   114772c4     kernel32:KERNEL32.dll
 0004:000002c8       __imp__GetTimeFormatW@24   114772c8     kernel32:KERNEL32.dll
 0004:000002cc       __imp__GetDateFormatW@24   114772cc     kernel32:KERNEL32.dll
 0004:000002d0       __imp__VirtualProtect@16   114772d0     kernel32:KERNEL32.dll
 0004:000002d4       __imp__IsBadReadPtr@8      114772d4     kernel32:KERNEL32.dll
 0004:000002d8       __imp__ExitProcess@4       114772d8     kernel32:KERNEL32.dll
 0004:000002dc       __imp__LoadLibraryA@4      114772dc     kernel32:KERNEL32.dll
 0004:000002e0       __imp__GetFileAttributesA@4 114772e0     kernel32:KERNEL32.dll
 0004:000002e4       __imp__FreeLibrary@4       114772e4     kernel32:KERNEL32.dll
 0004:000002e8       __imp__GetProcAddress@8    114772e8     kernel32:KERNEL32.dll
 0004:000002ec       __imp__VirtualAlloc@16     114772ec     kernel32:KERNEL32.dll
 0004:000002f0       __imp__VirtualFree@12      114772f0     kernel32:KERNEL32.dll
 0004:000002f4       __imp__HeapAlloc@12        114772f4     kernel32:KERNEL32.dll
 0004:000002f8       __imp__HeapFree@12         114772f8     kernel32:KERNEL32.dll
 0004:000002fc       __imp__GetProcessHeap@0    114772fc     kernel32:KERNEL32.dll
 0004:00000300       __imp__RaiseException@16   11477300     kernel32:KERNEL32.dll
 0004:00000304       __imp__Sleep@4             11477304     kernel32:KERNEL32.dll
 0004:00000308       __imp__InterlockedIncrement@4 11477308     kernel32:KERNEL32.dll
 0004:0000030c       __imp__CreateThread@24     1147730c     kernel32:KERNEL32.dll
 0004:00000310       __imp__TerminateThread@8   11477310     kernel32:KERNEL32.dll
 0004:00000314       __imp__SetEvent@4          11477314     kernel32:KERNEL32.dll
 0004:00000318       __imp__WaitForSingleObject@8 11477318     kernel32:KERNEL32.dll
 0004:0000031c       __imp__CloseHandle@4       1147731c     kernel32:KERNEL32.dll
 0004:00000320       __imp__CreateEventW@16     11477320     kernel32:KERNEL32.dll
 0004:00000324       __imp__OutputDebugStringA@4 11477324     kernel32:KERNEL32.dll
 0004:00000328       __imp__InitializeCriticalSection@4 11477328     kernel32:KERNEL32.dll
 0004:0000032c       __imp__EnterCriticalSection@4 1147732c     kernel32:KERNEL32.dll
 0004:00000330       __imp__LeaveCriticalSection@4 11477330     kernel32:KERNEL32.dll
 0004:00000334       __imp__DeleteCriticalSection@4 11477334     kernel32:KERNEL32.dll
 0004:00000338       __imp__InterlockedExchange@8 11477338     kernel32:KERNEL32.dll
 0004:0000033c       __imp__InterlockedExchangeAdd@8 1147733c     kernel32:KERNEL32.dll
 0004:00000340       __imp__InterlockedCompareExchange@12 11477340     kernel32:KERNEL32.dll
 0004:00000344       __imp__InterlockedDecrement@4 11477344     kernel32:KERNEL32.dll
 0004:00000348       __imp__EncodePointer@4     11477348     kernel32:KERNEL32.dll
 0004:0000034c       __imp__DecodePointer@4     1147734c     kernel32:KERNEL32.dll
 0004:00000350       __imp__RtlUnwind@16        11477350     kernel32:KERNEL32.dll
 0004:00000354       __imp__IsDebuggerPresent@0 11477354     kernel32:KERNEL32.dll
 0004:00000358       __imp__IsProcessorFeaturePresent@4 11477358     kernel32:KERNEL32.dll
 0004:0000035c       __imp__GetLastError@0      1147735c     kernel32:KERNEL32.dll
 0004:00000360       __imp__HeapReAlloc@16      11477360     kernel32:KERNEL32.dll
 0004:00000364       __imp__GetModuleHandleExW@12 11477364     kernel32:KERNEL32.dll
 0004:00000368       __imp__AreFileApisANSI@0   11477368     kernel32:KERNEL32.dll
 0004:0000036c       __imp__MultiByteToWideChar@24 1147736c     kernel32:KERNEL32.dll
 0004:00000370       __imp__CreateFileW@28      11477370     kernel32:KERNEL32.dll
 0004:00000374       __imp__GetCurrentThreadId@0 11477374     kernel32:KERNEL32.dll
 0004:00000378       __imp__InitializeCriticalSectionAndSpinCount@8 11477378     kernel32:KERNEL32.dll
 0004:0000037c       __imp__FatalAppExitA@8     1147737c     kernel32:KERNEL32.dll
 0004:00000380       __imp__UnhandledExceptionFilter@4 11477380     kernel32:KERNEL32.dll
 0004:00000384       __imp__SetUnhandledExceptionFilter@4 11477384     kernel32:KERNEL32.dll
 0004:00000388       __imp__SetLastError@4      11477388     kernel32:KERNEL32.dll
 0004:0000038c       __imp__GetCurrentProcess@0 1147738c     kernel32:KERNEL32.dll
 0004:00000390       __imp__TerminateProcess@8  11477390     kernel32:KERNEL32.dll
 0004:00000394       __imp__TlsAlloc@0          11477394     kernel32:KERNEL32.dll
 0004:00000398       __imp__TlsGetValue@4       11477398     kernel32:KERNEL32.dll
 0004:0000039c       __imp__TlsSetValue@8       1147739c     kernel32:KERNEL32.dll
 0004:000003a0       __imp__TlsFree@4           114773a0     kernel32:KERNEL32.dll
 0004:000003a4       __imp__GetStartupInfoW@4   114773a4     kernel32:KERNEL32.dll
 0004:000003a8       __imp__GetModuleHandleW@4  114773a8     kernel32:KERNEL32.dll
 0004:000003ac       __imp__CreateSemaphoreW@16 114773ac     kernel32:KERNEL32.dll
 0004:000003b0       __imp__GetStdHandle@4      114773b0     kernel32:KERNEL32.dll
 0004:000003b4       __imp__WriteFile@20        114773b4     kernel32:KERNEL32.dll
 0004:000003b8       __imp__GetModuleFileNameW@12 114773b8     kernel32:KERNEL32.dll
 0004:000003bc       __imp__HeapSize@12         114773bc     kernel32:KERNEL32.dll
 0004:000003c0       __imp__GetCurrentThread@0  114773c0     kernel32:KERNEL32.dll
 0004:000003c4       __imp__IsValidCodePage@4   114773c4     kernel32:KERNEL32.dll
 0004:000003c8       __imp__GetACP@0            114773c8     kernel32:KERNEL32.dll
 0004:000003cc       __imp__GetOEMCP@0          114773cc     kernel32:KERNEL32.dll
 0004:000003d0       __imp__GetCPInfo@8         114773d0     kernel32:KERNEL32.dll
 0004:000003d4       __imp__GetFileType@4       114773d4     kernel32:KERNEL32.dll
 0004:000003d8       __imp__LoadLibraryExW@12   114773d8     kernel32:KERNEL32.dll
 0004:000003dc       __imp__SetConsoleCtrlHandler@8 114773dc     kernel32:KERNEL32.dll
 0004:000003e0       __imp__GetModuleFileNameA@12 114773e0     kernel32:KERNEL32.dll
 0004:000003e4       __imp__QueryPerformanceCounter@4 114773e4     kernel32:KERNEL32.dll
 0004:000003e8       __imp__GetCurrentProcessId@0 114773e8     kernel32:KERNEL32.dll
 0004:000003ec       __imp__GetSystemTimeAsFileTime@4 114773ec     kernel32:KERNEL32.dll
 0004:000003f0       __imp__GetEnvironmentStringsW@0 114773f0     kernel32:KERNEL32.dll
 0004:000003f4       __imp__FreeEnvironmentStringsW@4 114773f4     kernel32:KERNEL32.dll
 0004:000003f8       __imp__WideCharToMultiByte@32 114773f8     kernel32:KERNEL32.dll
 0004:000003fc       __imp__FlushFileBuffers@4  114773fc     kernel32:KERNEL32.dll
 0004:00000400       __imp__GetConsoleCP@0      11477400     kernel32:KERNEL32.dll
 0004:00000404       __imp__GetConsoleMode@8    11477404     kernel32:KERNEL32.dll
 0004:00000408       __imp__lstrlenA@4          11477408     kernel32:KERNEL32.dll
 0004:0000040c       __imp__LoadLibraryW@4      1147740c     kernel32:KERNEL32.dll
 0004:00000410       __imp__OutputDebugStringW@4 11477410     kernel32:KERNEL32.dll
 0004:00000414       \177KERNEL32_NULL_THUNK_DATA 11477414     kernel32:KERNEL32.dll
 0004:0000048c       __imp__WSACloseEvent@4     1147748c     ws2_32:WS2_32.dll
 0004:00000490       __imp__WSAGetLastError@0   11477490     ws2_32:WS2_32.dll
 0004:00000494       __imp__WSACleanup@0        11477494     ws2_32:WS2_32.dll
 0004:00000498       __imp__WSAStartup@8        11477498     ws2_32:WS2_32.dll
 0004:0000049c       __imp__gethostbyname@4     1147749c     ws2_32:WS2_32.dll
 0004:000004a0       __imp__socket@12           114774a0     ws2_32:WS2_32.dll
 0004:000004a4       __imp__setsockopt@20       114774a4     ws2_32:WS2_32.dll
 0004:000004a8       __imp__send@16             114774a8     ws2_32:WS2_32.dll
 0004:000004ac       __imp__recv@16             114774ac     ws2_32:WS2_32.dll
 0004:000004b0       __imp__htons@4             114774b0     ws2_32:WS2_32.dll
 0004:000004b4       __imp__ioctlsocket@12      114774b4     ws2_32:WS2_32.dll
 0004:000004b8       __imp__connect@12          114774b8     ws2_32:WS2_32.dll
 0004:000004bc       __imp__closesocket@4       114774bc     ws2_32:WS2_32.dll
 0004:000004c0       \177WS2_32_NULL_THUNK_DATA 114774c0     ws2_32:WS2_32.dll

 entry point at        0001:000778f5

